2026-02-10 15:43:43,789 - main - INFO - === Logging system initialized ===
2026-02-10 15:43:43,789 - main - INFO - Log file: logs/app_20260210_154343.log
2026-02-10 15:43:43,789 - main - INFO - Log level: INFO
2026-02-10 15:43:43,789 - main - INFO - Timestamp: 20260210_154343
2026-02-10 15:43:44,768 - main - INFO - Included router: routers.aihub.router
2026-02-10 15:43:44,789 - main - INFO - Included router: routers.auth.router
2026-02-10 15:43:45,009 - main - INFO - Included router: routers.carbon_metrics.router
2026-02-10 15:43:45,032 - main - INFO - Included router: routers.health.router
2026-02-10 15:43:45,286 - main - INFO - Included router: routers.learning_paths.router
2026-02-10 15:43:45,329 - main - INFO - Included router: routers.settings.router
2026-02-10 15:43:45,387 - main - INFO - Included router: routers.storage.router
2026-02-10 15:43:45,606 - main - INFO - Included router: routers.tree_plantations.router
2026-02-10 15:43:45,617 - main - INFO - Included router: routers.user.router
2026-02-10 15:43:45,743 - main - INFO - Included router: routers.user_stats.router
2026-02-10 15:43:45,745 - main - INFO - === Application startup initiated ===
2026-02-10 15:43:45,745 - services.database - DEBUG - [DB_OP] Starting database initialization
2026-02-10 15:43:45,745 - services.database - INFO - 🔧 Starting database initialization...
2026-02-10 15:43:45,746 - core.database - INFO - Starting database initialization...
2026-02-10 15:43:45,746 - core.config - DEBUG - Read dynamic attribute database_url from environment variable DATABASE_URL
2026-02-10 15:43:45,746 - core.database - INFO - Normalizing database URL for async compatibility...
2026-02-10 15:43:45,747 - core.database - INFO - Creating async database engine...
2026-02-10 15:43:45,747 - core.database - INFO - Using QueuePool with connection pooling for non-Lambda environment
2026-02-10 15:43:45,798 - core.database - INFO - Database engine created successfully
2026-02-10 15:43:45,798 - core.database - INFO - Creating async session maker...
2026-02-10 15:43:45,798 - core.database - INFO - Async session maker created successfully
2026-02-10 15:43:45,798 - core.database - INFO - Database connection initialized successfully
2026-02-10 15:43:45,798 - services.database - INFO - 🔧 Database connection initialized, now creating tables if tables not exist...
2026-02-10 15:43:45,798 - core.database - DEBUG - [DB_OP] Starting create_tables
2026-02-10 15:43:45,798 - core.database - INFO - 🔧 Starting table creation...
2026-02-10 15:43:47,315 - core.database - INFO - Tables initialized successfully
2026-02-10 15:43:47,315 - core.database - DEBUG - [DB_OP] Create tables completed in 1.5171s
2026-02-10 15:43:47,376 - services.database - INFO - 🔧 Table creation completed
2026-02-10 15:43:47,378 - services.database - INFO - Database initialized successfully
2026-02-10 15:43:47,378 - services.database - DEBUG - [DB_OP] Database initialization completed in 1.6331s
2026-02-10 15:43:47,380 - services.mock_data - INFO - mock_data directory not found, skipping mock initialization
2026-02-10 15:43:47,380 - services.database - DEBUG - [DB_OP] Starting database initialization
2026-02-10 15:43:47,380 - services.database - INFO - 🔧 Starting database initialization...
2026-02-10 15:43:47,381 - core.database - INFO - Starting database initialization...
2026-02-10 15:43:47,381 - core.database - INFO - Database already initialized
2026-02-10 15:43:47,382 - services.database - INFO - 🔧 Database connection initialized, now creating tables if tables not exist...
2026-02-10 15:43:47,383 - core.database - DEBUG - [DB_OP] Starting create_tables
2026-02-10 15:43:47,383 - core.database - INFO - Tables already initialized
2026-02-10 15:43:47,383 - services.database - INFO - 🔧 Table creation completed
2026-02-10 15:43:47,383 - services.database - INFO - Database initialized successfully
2026-02-10 15:43:47,383 - services.database - DEBUG - [DB_OP] Database initialization completed in 0.0030s
2026-02-10 15:43:47,383 - core.config - DEBUG - Read dynamic attribute admin_user_id from environment variable ADMIN_USER_ID
2026-02-10 15:43:47,384 - core.config - DEBUG - Read dynamic attribute admin_user_email from environment variable ADMIN_USER_EMAIL
2026-02-10 15:43:47,816 - services.auth - DEBUG - Admin user 964059 already exists
2026-02-10 15:43:47,878 - main - INFO - === Application startup completed successfully ===
2026-02-10 15:44:02,528 - services.database - DEBUG - [DB_OP] Starting database close
2026-02-10 15:44:02,592 - core.database - INFO - Database connection closed and engine disposed
2026-02-10 15:44:02,593 - services.database - INFO - Database connections closed
2026-02-10 15:44:02,593 - services.database - DEBUG - [DB_OP] Database close completed in 0.0653s
