2026-02-10 18:36:55,839 - main - INFO - === Logging system initialized ===
2026-02-10 18:36:55,839 - main - INFO - Log file: logs/app_20260210_183655.log
2026-02-10 18:36:55,839 - main - INFO - Log level: INFO
2026-02-10 18:36:55,840 - main - INFO - Timestamp: 20260210_183655
2026-02-10 18:36:56,719 - main - INFO - Included router: routers.ai_learning.router
2026-02-10 18:36:56,728 - main - INFO - Included router: routers.aihub.router
2026-02-10 18:36:56,745 - main - INFO - Included router: routers.auth_local.router
2026-02-10 18:36:56,879 - main - INFO - Included router: routers.carbon_metrics.router
2026-02-10 18:36:56,902 - main - INFO - Included router: routers.config.router
2026-02-10 18:36:56,904 - main - INFO - Included router: routers.health.router
2026-02-10 18:36:56,952 - main - INFO - Included router: routers.learning_paths.router
2026-02-10 18:36:56,973 - main - INFO - Included router: routers.settings.router
2026-02-10 18:36:57,010 - main - INFO - Included router: routers.storage.router
2026-02-10 18:36:57,082 - main - INFO - Included router: routers.tree_plantations.router
2026-02-10 18:36:57,095 - main - INFO - Included router: routers.user.router
2026-02-10 18:36:57,147 - main - INFO - Included router: routers.user_stats.router
2026-02-10 18:36:57,149 - main - INFO - === Application startup initiated ===
2026-02-10 18:36:57,149 - services.database - DEBUG - [DB_OP] Starting database initialization
2026-02-10 18:36:57,149 - services.database - INFO - 🔧 Starting database initialization...
2026-02-10 18:36:57,149 - core.database - INFO - Starting database initialization...
2026-02-10 18:36:57,149 - core.config - DEBUG - Read dynamic attribute database_url from environment variable DATABASE_URL
2026-02-10 18:36:57,149 - core.database - INFO - Normalizing database URL for async compatibility...
2026-02-10 18:36:57,150 - core.database - INFO - Creating async database engine...
2026-02-10 18:36:57,151 - core.database - INFO - Using QueuePool with connection pooling for non-Lambda environment
2026-02-10 18:36:57,195 - core.database - INFO - Database engine created successfully
2026-02-10 18:36:57,195 - core.database - INFO - Creating async session maker...
2026-02-10 18:36:57,195 - core.database - INFO - Async session maker created successfully
2026-02-10 18:36:57,195 - core.database - INFO - Database connection initialized successfully
2026-02-10 18:36:57,195 - services.database - INFO - 🔧 Database connection initialized, now creating tables if tables not exist...
2026-02-10 18:36:57,195 - core.database - DEBUG - [DB_OP] Starting create_tables
2026-02-10 18:36:57,195 - core.database - INFO - 🔧 Starting table creation...
2026-02-10 18:36:58,623 - core.database - INFO - Tables initialized successfully
2026-02-10 18:36:58,624 - core.database - DEBUG - [DB_OP] Create tables completed in 1.4283s
2026-02-10 18:36:58,684 - services.database - INFO - 🔧 Table creation completed
2026-02-10 18:36:58,684 - services.database - INFO - Database initialized successfully
2026-02-10 18:36:58,684 - services.database - DEBUG - [DB_OP] Database initialization completed in 1.5355s
2026-02-10 18:36:58,686 - services.mock_data - INFO - mock_data directory not found, skipping mock initialization
2026-02-10 18:36:58,686 - services.database - DEBUG - [DB_OP] Starting database initialization
2026-02-10 18:36:58,686 - services.database - INFO - 🔧 Starting database initialization...
2026-02-10 18:36:58,686 - core.database - INFO - Starting database initialization...
2026-02-10 18:36:58,686 - core.database - INFO - Database already initialized
2026-02-10 18:36:58,686 - services.database - INFO - 🔧 Database connection initialized, now creating tables if tables not exist...
2026-02-10 18:36:58,687 - core.database - DEBUG - [DB_OP] Starting create_tables
2026-02-10 18:36:58,687 - core.database - INFO - Tables already initialized
2026-02-10 18:36:58,687 - services.database - INFO - 🔧 Table creation completed
2026-02-10 18:36:58,687 - services.database - INFO - Database initialized successfully
2026-02-10 18:36:58,687 - services.database - DEBUG - [DB_OP] Database initialization completed in 0.0011s
