2026-02-10 16:37:57,698 - main - INFO - === Logging system initialized ===
2026-02-10 16:37:57,699 - main - INFO - Log file: logs/app_20260210_163757.log
2026-02-10 16:37:57,699 - main - INFO - Log level: INFO
2026-02-10 16:37:57,700 - main - INFO - Timestamp: 20260210_163757
2026-02-10 16:37:58,708 - main - INFO - Included router: routers.ai_learning.router
2026-02-10 16:37:58,723 - main - INFO - Included router: routers.aihub.router
2026-02-10 16:37:58,738 - main - INFO - Included router: routers.auth.router
2026-02-10 16:37:58,750 - main - WARNING - Failed to import module 'routers.auth_local': Table 'users' is already defined for this MetaData instance.  Specify 'extend_existing=True' to redefine options and columns on an existing Table object.
2026-02-10 16:37:58,879 - main - INFO - Included router: routers.carbon_metrics.router
2026-02-10 16:37:58,881 - main - INFO - Included router: routers.health.router
2026-02-10 16:37:58,926 - main - INFO - Included router: routers.learning_paths.router
2026-02-10 16:37:58,945 - main - INFO - Included router: routers.settings.router
2026-02-10 16:37:58,981 - main - INFO - Included router: routers.storage.router
2026-02-10 16:37:59,031 - main - INFO - Included router: routers.tree_plantations.router
2026-02-10 16:37:59,039 - main - INFO - Included router: routers.user.router
2026-02-10 16:37:59,088 - main - INFO - Included router: routers.user_stats.router
2026-02-10 16:37:59,090 - main - INFO - === Application startup initiated ===
2026-02-10 16:37:59,090 - services.database - DEBUG - [DB_OP] Starting database initialization
2026-02-10 16:37:59,090 - services.database - INFO - 🔧 Starting database initialization...
2026-02-10 16:37:59,090 - core.database - INFO - Starting database initialization...
2026-02-10 16:37:59,090 - core.config - DEBUG - Read dynamic attribute database_url from environment variable DATABASE_URL
2026-02-10 16:37:59,091 - core.database - INFO - Normalizing database URL for async compatibility...
2026-02-10 16:37:59,092 - core.database - INFO - Creating async database engine...
2026-02-10 16:37:59,092 - core.database - INFO - Using QueuePool with connection pooling for non-Lambda environment
2026-02-10 16:37:59,135 - core.database - INFO - Database engine created successfully
2026-02-10 16:37:59,135 - core.database - INFO - Creating async session maker...
2026-02-10 16:37:59,136 - core.database - INFO - Async session maker created successfully
2026-02-10 16:37:59,136 - core.database - INFO - Database connection initialized successfully
2026-02-10 16:37:59,136 - services.database - INFO - 🔧 Database connection initialized, now creating tables if tables not exist...
2026-02-10 16:37:59,136 - core.database - DEBUG - [DB_OP] Starting create_tables
2026-02-10 16:37:59,136 - core.database - INFO - 🔧 Starting table creation...
2026-02-10 16:38:00,956 - core.database - INFO - Tables initialized successfully
2026-02-10 16:38:00,956 - core.database - DEBUG - [DB_OP] Create tables completed in 1.8207s
2026-02-10 16:38:01,015 - services.database - INFO - 🔧 Table creation completed
2026-02-10 16:38:01,015 - services.database - INFO - Database initialized successfully
2026-02-10 16:38:01,016 - services.database - DEBUG - [DB_OP] Database initialization completed in 1.9256s
2026-02-10 16:38:01,016 - services.mock_data - INFO - mock_data directory not found, skipping mock initialization
2026-02-10 16:38:01,016 - services.database - DEBUG - [DB_OP] Starting database initialization
2026-02-10 16:38:01,016 - services.database - INFO - 🔧 Starting database initialization...
2026-02-10 16:38:01,017 - core.database - INFO - Starting database initialization...
2026-02-10 16:38:01,017 - core.database - INFO - Database already initialized
2026-02-10 16:38:01,017 - services.database - INFO - 🔧 Database connection initialized, now creating tables if tables not exist...
2026-02-10 16:38:01,017 - core.database - DEBUG - [DB_OP] Starting create_tables
2026-02-10 16:38:01,018 - core.database - INFO - Tables already initialized
2026-02-10 16:38:01,018 - services.database - INFO - 🔧 Table creation completed
2026-02-10 16:38:01,018 - services.database - INFO - Database initialized successfully
2026-02-10 16:38:01,018 - services.database - DEBUG - [DB_OP] Database initialization completed in 0.0015s
2026-02-10 16:38:01,018 - core.config - DEBUG - Read dynamic attribute admin_user_id from environment variable ADMIN_USER_ID
2026-02-10 16:38:01,018 - core.config - DEBUG - Read dynamic attribute admin_user_email from environment variable ADMIN_USER_EMAIL
2026-02-10 16:38:01,450 - services.auth - DEBUG - Admin user 964059 already exists
2026-02-10 16:38:01,510 - main - INFO - === Application startup completed successfully ===
2026-02-10 16:43:46,024 - services.database - DEBUG - [DB_OP] Starting database close
2026-02-10 16:43:46,025 - core.database - INFO - Database connection closed and engine disposed
2026-02-10 16:43:46,025 - services.database - INFO - Database connections closed
2026-02-10 16:43:46,026 - services.database - DEBUG - [DB_OP] Database close completed in 0.0011s
