2026-02-10 18:04:01,113 - main - INFO - === Logging system initialized ===
2026-02-10 18:04:01,113 - main - INFO - Log file: logs/app_20260210_180401.log
2026-02-10 18:04:01,113 - main - INFO - Log level: INFO
2026-02-10 18:04:01,113 - main - INFO - Timestamp: 20260210_180401
2026-02-10 18:04:02,069 - main - INFO - Included router: routers.ai_learning.router
2026-02-10 18:04:02,079 - main - INFO - Included router: routers.aihub.router
2026-02-10 18:04:02,109 - main - INFO - Included router: routers.auth_local.router
2026-02-10 18:04:02,243 - main - INFO - Included router: routers.carbon_metrics.router
2026-02-10 18:04:02,246 - main - INFO - Included router: routers.config.router
2026-02-10 18:04:02,249 - main - INFO - Included router: routers.health.router
2026-02-10 18:04:02,308 - main - INFO - Included router: routers.learning_paths.router
2026-02-10 18:04:02,334 - main - INFO - Included router: routers.settings.router
2026-02-10 18:04:02,373 - main - INFO - Included router: routers.storage.router
2026-02-10 18:04:02,424 - main - INFO - Included router: routers.tree_plantations.router
2026-02-10 18:04:02,433 - main - INFO - Included router: routers.user.router
2026-02-10 18:04:02,482 - main - INFO - Included router: routers.user_stats.router
2026-02-10 18:04:02,483 - main - INFO - === Application startup initiated ===
2026-02-10 18:04:02,483 - services.database - DEBUG - [DB_OP] Starting database initialization
2026-02-10 18:04:02,483 - services.database - INFO - 🔧 Starting database initialization...
2026-02-10 18:04:02,483 - core.database - INFO - Starting database initialization...
2026-02-10 18:04:02,484 - core.config - DEBUG - Read dynamic attribute database_url from environment variable DATABASE_URL
2026-02-10 18:04:02,484 - core.database - INFO - Normalizing database URL for async compatibility...
2026-02-10 18:04:02,485 - core.database - INFO - Creating async database engine...
2026-02-10 18:04:02,485 - core.database - INFO - Using QueuePool with connection pooling for non-Lambda environment
2026-02-10 18:04:02,530 - core.database - INFO - Database engine created successfully
2026-02-10 18:04:02,530 - core.database - INFO - Creating async session maker...
2026-02-10 18:04:02,531 - core.database - INFO - Async session maker created successfully
2026-02-10 18:04:02,531 - core.database - INFO - Database connection initialized successfully
2026-02-10 18:04:02,531 - services.database - INFO - 🔧 Database connection initialized, now creating tables if tables not exist...
2026-02-10 18:04:02,531 - core.database - DEBUG - [DB_OP] Starting create_tables
2026-02-10 18:04:02,531 - core.database - INFO - 🔧 Starting table creation...
2026-02-10 18:04:03,935 - core.database - INFO - Tables initialized successfully
2026-02-10 18:04:03,935 - core.database - DEBUG - [DB_OP] Create tables completed in 1.4044s
2026-02-10 18:04:03,994 - services.database - INFO - 🔧 Table creation completed
2026-02-10 18:04:03,995 - services.database - INFO - Database initialized successfully
2026-02-10 18:04:03,995 - services.database - DEBUG - [DB_OP] Database initialization completed in 1.5113s
2026-02-10 18:04:03,995 - services.mock_data - INFO - mock_data directory not found, skipping mock initialization
2026-02-10 18:04:03,995 - services.database - DEBUG - [DB_OP] Starting database initialization
2026-02-10 18:04:03,995 - services.database - INFO - 🔧 Starting database initialization...
2026-02-10 18:04:03,995 - core.database - INFO - Starting database initialization...
2026-02-10 18:04:03,995 - core.database - INFO - Database already initialized
2026-02-10 18:04:03,996 - services.database - INFO - 🔧 Database connection initialized, now creating tables if tables not exist...
2026-02-10 18:04:03,996 - core.database - DEBUG - [DB_OP] Starting create_tables
2026-02-10 18:04:03,996 - core.database - INFO - Tables already initialized
2026-02-10 18:04:03,996 - services.database - INFO - 🔧 Table creation completed
2026-02-10 18:04:03,996 - services.database - INFO - Database initialized successfully
2026-02-10 18:04:03,996 - services.database - DEBUG - [DB_OP] Database initialization completed in 0.0013s
