2026-02-12 11:41:09,112 - main - INFO - === Logging system initialized ===
2026-02-12 11:41:09,112 - main - INFO - Log file: logs/app_20260212_114109.log
2026-02-12 11:41:09,112 - main - INFO - Log level: INFO
2026-02-12 11:41:09,113 - main - INFO - Timestamp: 20260212_114109
2026-02-12 11:41:09,892 - main - INFO - Included router: routers.ai_learning.router
2026-02-12 11:41:11,067 - main - WARNING - Failed to import module 'routers.aihub': No module named 'sse_starlette'
2026-02-12 11:41:11,105 - main - INFO - Included router: routers.auth_local.router
2026-02-12 11:41:11,171 - main - INFO - Included router: routers.carbon_metrics.router
2026-02-12 11:41:11,181 - main - INFO - Included router: routers.config.router
2026-02-12 11:41:11,189 - main - INFO - Included router: routers.health.router
2026-02-12 11:41:11,244 - main - INFO - Included router: routers.learning_paths.router
2026-02-12 11:41:11,269 - main - INFO - Included router: routers.settings.router
2026-02-12 11:41:11,325 - main - INFO - Included router: routers.storage.router
2026-02-12 11:41:11,377 - main - INFO - Included router: routers.tree_plantations.router
2026-02-12 11:41:11,397 - main - INFO - Included router: routers.user.router
2026-02-12 11:41:11,430 - main - INFO - Included router: routers.user_stats.router
2026-02-12 11:41:11,432 - main - INFO - === Application startup initiated ===
2026-02-12 11:41:11,432 - services.database - DEBUG - [DB_OP] Starting database initialization
2026-02-12 11:41:11,432 - services.database - INFO - 🔧 Starting database initialization...
2026-02-12 11:41:11,433 - core.database - INFO - Starting database initialization...
2026-02-12 11:41:11,433 - core.config - DEBUG - Read dynamic attribute database_url from environment variable DATABASE_URL
2026-02-12 11:41:11,433 - core.database - INFO - Normalizing database URL for async compatibility...
2026-02-12 11:41:11,434 - core.database - INFO - Creating async database engine...
2026-02-12 11:41:11,434 - core.database - INFO - Using QueuePool with connection pooling for non-Lambda environment
2026-02-12 11:41:11,470 - core.database - INFO - Database engine created successfully
2026-02-12 11:41:11,470 - core.database - INFO - Creating async session maker...
2026-02-12 11:41:11,470 - core.database - INFO - Async session maker created successfully
2026-02-12 11:41:11,470 - core.database - INFO - Database connection initialized successfully
2026-02-12 11:41:11,471 - services.database - INFO - 🔧 Database connection initialized, now creating tables if tables not exist...
2026-02-12 11:41:11,471 - core.database - DEBUG - [DB_OP] Starting create_tables
2026-02-12 11:41:11,471 - core.database - INFO - 🔧 Starting table creation...
2026-02-12 11:41:11,569 - core.database - INFO - Tables initialized successfully
2026-02-12 11:41:11,569 - core.database - DEBUG - [DB_OP] Create tables completed in 0.0981s
2026-02-12 11:41:11,570 - services.database - INFO - 🔧 Table creation completed
2026-02-12 11:41:11,570 - services.database - INFO - Database initialized successfully
2026-02-12 11:41:11,570 - services.database - DEBUG - [DB_OP] Database initialization completed in 0.1383s
2026-02-12 11:41:11,571 - services.mock_data - INFO - mock_data directory not found, skipping mock initialization
2026-02-12 11:41:11,571 - services.database - DEBUG - [DB_OP] Starting database initialization
2026-02-12 11:41:11,571 - services.database - INFO - 🔧 Starting database initialization...
2026-02-12 11:41:11,572 - core.database - INFO - Starting database initialization...
2026-02-12 11:41:11,572 - core.database - INFO - Database already initialized
2026-02-12 11:41:11,572 - services.database - INFO - 🔧 Database connection initialized, now creating tables if tables not exist...
2026-02-12 11:41:11,572 - core.database - DEBUG - [DB_OP] Starting create_tables
2026-02-12 11:41:11,573 - core.database - INFO - Tables already initialized
2026-02-12 11:41:11,573 - services.database - INFO - 🔧 Table creation completed
2026-02-12 11:41:11,573 - services.database - INFO - Database initialized successfully
2026-02-12 11:41:11,574 - services.database - DEBUG - [DB_OP] Database initialization completed in 0.0025s
2026-02-12 11:41:11,588 - services.auth - DEBUG - Admin user admin@ecolearn.com already exists
2026-02-12 11:41:11,589 - main - INFO - === Application startup completed successfully ===
2026-02-12 11:41:25,981 - core.database - DEBUG - [DB_OP] Starting get_db session creation
2026-02-12 11:41:25,982 - core.database - DEBUG - [DB_OP] Database session created successfully in 0.0006s
2026-02-12 11:41:26,239 - core.database - DEBUG - [DB_OP] Database session cleanup after 0.2575s
2026-02-12 11:41:26,289 - core.database - DEBUG - [DB_OP] Starting get_db session creation
2026-02-12 11:41:26,291 - core.database - DEBUG - [DB_OP] Database session created successfully in 0.0018s
2026-02-12 11:41:26,304 - core.database - DEBUG - [DB_OP] Database session cleanup after 0.0146s
2026-02-12 11:41:26,335 - core.auth - DEBUG - Authentication token validated for user hash: d4735e3a
2026-02-12 11:41:26,336 - core.database - DEBUG - [DB_OP] Starting get_db session creation
2026-02-12 11:41:26,337 - core.database - DEBUG - [DB_OP] Database session created successfully in 0.0006s
2026-02-12 11:41:26,338 - routers.user_stats - DEBUG - Querying user_statss: query=None, sort=None, skip=0, limit=20, fields=None
2026-02-12 11:41:26,355 - core.auth - DEBUG - Authentication token validated for user hash: d4735e3a
2026-02-12 11:41:26,357 - core.database - DEBUG - [DB_OP] Starting get_db session creation
2026-02-12 11:41:26,357 - core.database - DEBUG - [DB_OP] Database session created successfully in 0.0008s
2026-02-12 11:41:26,358 - routers.learning_paths - DEBUG - Querying learning_pathss: query=None, sort=None, skip=0, limit=20, fields=None
2026-02-12 11:41:26,404 - routers.user_stats - DEBUG - Found 0 user_statss
2026-02-12 11:41:26,406 - core.database - DEBUG - [DB_OP] Database session cleanup after 0.0693s
2026-02-12 11:41:26,421 - routers.learning_paths - DEBUG - Found 0 learning_pathss
2026-02-12 11:41:26,422 - core.database - DEBUG - [DB_OP] Database session cleanup after 0.0658s
2026-02-12 11:41:59,123 - services.database - DEBUG - [DB_OP] Starting database close
2026-02-12 11:41:59,137 - core.database - INFO - Database connection closed and engine disposed
2026-02-12 11:41:59,138 - services.database - INFO - Database connections closed
2026-02-12 11:41:59,138 - services.database - DEBUG - [DB_OP] Database close completed in 0.0146s
