2026-02-10 17:03:44,913 - main - INFO - === Logging system initialized ===
2026-02-10 17:03:44,913 - main - INFO - Log file: logs/app_20260210_170344.log
2026-02-10 17:03:44,913 - main - INFO - Log level: INFO
2026-02-10 17:03:44,914 - main - INFO - Timestamp: 20260210_170344
2026-02-10 17:03:45,530 - main - INFO - Included router: routers.ai_learning.router
2026-02-10 17:03:45,544 - main - INFO - Included router: routers.aihub.router
2026-02-10 17:03:45,561 - main - INFO - Included router: routers.auth.router
2026-02-10 17:03:45,584 - main - WARNING - Failed to import module 'routers.auth_local': Table 'users' is already defined for this MetaData instance.  Specify 'extend_existing=True' to redefine options and columns on an existing Table object.
2026-02-10 17:03:45,716 - main - INFO - Included router: routers.carbon_metrics.router
2026-02-10 17:03:45,718 - main - INFO - Included router: routers.health.router
2026-02-10 17:03:45,766 - main - INFO - Included router: routers.learning_paths.router
2026-02-10 17:03:45,785 - main - INFO - Included router: routers.settings.router
2026-02-10 17:03:45,827 - main - INFO - Included router: routers.storage.router
2026-02-10 17:03:45,873 - main - INFO - Included router: routers.tree_plantations.router
2026-02-10 17:03:45,880 - main - INFO - Included router: routers.user.router
2026-02-10 17:03:45,926 - main - INFO - Included router: routers.user_stats.router
2026-02-10 17:03:45,927 - main - INFO - === Application startup initiated ===
2026-02-10 17:03:45,927 - services.database - DEBUG - [DB_OP] Starting database initialization
2026-02-10 17:03:45,927 - services.database - INFO - 🔧 Starting database initialization...
2026-02-10 17:03:45,927 - core.database - INFO - Starting database initialization...
2026-02-10 17:03:45,927 - core.config - DEBUG - Read dynamic attribute database_url from environment variable DATABASE_URL
2026-02-10 17:03:45,928 - core.database - INFO - Normalizing database URL for async compatibility...
2026-02-10 17:03:45,928 - core.database - INFO - Creating async database engine...
2026-02-10 17:03:45,928 - core.database - INFO - Using QueuePool with connection pooling for non-Lambda environment
2026-02-10 17:03:45,964 - core.database - INFO - Database engine created successfully
2026-02-10 17:03:45,964 - core.database - INFO - Creating async session maker...
2026-02-10 17:03:45,965 - core.database - INFO - Async session maker created successfully
2026-02-10 17:03:45,965 - core.database - INFO - Database connection initialized successfully
2026-02-10 17:03:45,965 - services.database - INFO - 🔧 Database connection initialized, now creating tables if tables not exist...
2026-02-10 17:03:45,965 - core.database - DEBUG - [DB_OP] Starting create_tables
2026-02-10 17:03:45,965 - core.database - INFO - 🔧 Starting table creation...
2026-02-10 17:03:47,434 - core.database - INFO - Tables initialized successfully
2026-02-10 17:03:47,434 - core.database - DEBUG - [DB_OP] Create tables completed in 1.4695s
2026-02-10 17:03:47,493 - services.database - INFO - 🔧 Table creation completed
2026-02-10 17:03:47,494 - services.database - INFO - Database initialized successfully
2026-02-10 17:03:47,494 - services.database - DEBUG - [DB_OP] Database initialization completed in 1.5667s
2026-02-10 17:03:47,494 - services.mock_data - INFO - mock_data directory not found, skipping mock initialization
2026-02-10 17:03:47,495 - services.database - DEBUG - [DB_OP] Starting database initialization
2026-02-10 17:03:47,495 - services.database - INFO - 🔧 Starting database initialization...
2026-02-10 17:03:47,495 - core.database - INFO - Starting database initialization...
2026-02-10 17:03:47,495 - core.database - INFO - Database already initialized
2026-02-10 17:03:47,495 - services.database - INFO - 🔧 Database connection initialized, now creating tables if tables not exist...
2026-02-10 17:03:47,495 - core.database - DEBUG - [DB_OP] Starting create_tables
2026-02-10 17:03:47,495 - core.database - INFO - Tables already initialized
2026-02-10 17:03:47,495 - services.database - INFO - 🔧 Table creation completed
2026-02-10 17:03:47,496 - services.database - INFO - Database initialized successfully
2026-02-10 17:03:47,496 - services.database - DEBUG - [DB_OP] Database initialization completed in 0.0014s
2026-02-10 17:03:47,496 - core.config - DEBUG - Read dynamic attribute admin_user_id from environment variable ADMIN_USER_ID
2026-02-10 17:03:47,496 - core.config - DEBUG - Read dynamic attribute admin_user_email from environment variable ADMIN_USER_EMAIL
2026-02-10 17:03:47,917 - services.auth - DEBUG - Admin user 964059 already exists
2026-02-10 17:03:47,977 - main - INFO - === Application startup completed successfully ===
2026-02-10 17:03:51,592 - services.database - DEBUG - [DB_OP] Starting database close
2026-02-10 17:03:51,662 - core.database - INFO - Database connection closed and engine disposed
2026-02-10 17:03:51,663 - services.database - INFO - Database connections closed
2026-02-10 17:03:51,663 - services.database - DEBUG - [DB_OP] Database close completed in 0.0713s
