2026-02-10 16:13:57,117 - main - INFO - === Logging system initialized ===
2026-02-10 16:13:57,117 - main - INFO - Log file: logs/app_20260210_161357.log
2026-02-10 16:13:57,118 - main - INFO - Log level: INFO
2026-02-10 16:13:57,118 - main - INFO - Timestamp: 20260210_161357
2026-02-10 16:13:57,820 - main - INFO - Included router: routers.ai_learning.router
2026-02-10 16:13:57,832 - main - INFO - Included router: routers.aihub.router
2026-02-10 16:13:57,845 - main - INFO - Included router: routers.auth.router
2026-02-10 16:13:57,956 - main - WARNING - Failed to import module 'routers.auth_local': Table 'users' is already defined for this MetaData instance.  Specify 'extend_existing=True' to redefine options and columns on an existing Table object.
2026-02-10 16:13:58,071 - main - INFO - Included router: routers.carbon_metrics.router
2026-02-10 16:13:58,072 - main - INFO - Included router: routers.health.router
2026-02-10 16:13:58,116 - main - INFO - Included router: routers.learning_paths.router
2026-02-10 16:13:58,135 - main - INFO - Included router: routers.settings.router
2026-02-10 16:13:58,168 - main - INFO - Included router: routers.storage.router
2026-02-10 16:13:58,212 - main - INFO - Included router: routers.tree_plantations.router
2026-02-10 16:13:58,222 - main - INFO - Included router: routers.user.router
2026-02-10 16:13:58,268 - main - INFO - Included router: routers.user_stats.router
2026-02-10 16:13:58,269 - main - INFO - === Application startup initiated ===
2026-02-10 16:13:58,270 - services.database - DEBUG - [DB_OP] Starting database initialization
2026-02-10 16:13:58,270 - services.database - INFO - 🔧 Starting database initialization...
2026-02-10 16:13:58,270 - core.database - INFO - Starting database initialization...
2026-02-10 16:13:58,270 - core.config - DEBUG - Read dynamic attribute database_url from environment variable DATABASE_URL
2026-02-10 16:13:58,270 - core.database - INFO - Normalizing database URL for async compatibility...
2026-02-10 16:13:58,271 - core.database - INFO - Creating async database engine...
2026-02-10 16:13:58,271 - core.database - INFO - Using QueuePool with connection pooling for non-Lambda environment
2026-02-10 16:13:58,308 - core.database - INFO - Database engine created successfully
2026-02-10 16:13:58,309 - core.database - INFO - Creating async session maker...
2026-02-10 16:13:58,309 - core.database - INFO - Async session maker created successfully
2026-02-10 16:13:58,309 - core.database - INFO - Database connection initialized successfully
2026-02-10 16:13:58,309 - services.database - INFO - 🔧 Database connection initialized, now creating tables if tables not exist...
2026-02-10 16:13:58,309 - core.database - DEBUG - [DB_OP] Starting create_tables
2026-02-10 16:13:58,309 - core.database - INFO - 🔧 Starting table creation...
2026-02-10 16:13:59,758 - core.database - INFO - Tables initialized successfully
2026-02-10 16:13:59,759 - core.database - DEBUG - [DB_OP] Create tables completed in 1.4498s
2026-02-10 16:13:59,818 - services.database - INFO - 🔧 Table creation completed
2026-02-10 16:13:59,818 - services.database - INFO - Database initialized successfully
2026-02-10 16:13:59,818 - services.database - DEBUG - [DB_OP] Database initialization completed in 1.5490s
2026-02-10 16:13:59,819 - services.mock_data - INFO - mock_data directory not found, skipping mock initialization
2026-02-10 16:13:59,819 - services.database - DEBUG - [DB_OP] Starting database initialization
2026-02-10 16:13:59,819 - services.database - INFO - 🔧 Starting database initialization...
2026-02-10 16:13:59,819 - core.database - INFO - Starting database initialization...
2026-02-10 16:13:59,819 - core.database - INFO - Database already initialized
2026-02-10 16:13:59,820 - services.database - INFO - 🔧 Database connection initialized, now creating tables if tables not exist...
2026-02-10 16:13:59,820 - core.database - DEBUG - [DB_OP] Starting create_tables
2026-02-10 16:13:59,820 - core.database - INFO - Tables already initialized
2026-02-10 16:13:59,820 - services.database - INFO - 🔧 Table creation completed
2026-02-10 16:13:59,820 - services.database - INFO - Database initialized successfully
2026-02-10 16:13:59,820 - services.database - DEBUG - [DB_OP] Database initialization completed in 0.0010s
2026-02-10 16:13:59,820 - core.config - DEBUG - Read dynamic attribute admin_user_id from environment variable ADMIN_USER_ID
2026-02-10 16:13:59,820 - core.config - DEBUG - Read dynamic attribute admin_user_email from environment variable ADMIN_USER_EMAIL
2026-02-10 16:14:00,237 - services.auth - DEBUG - Admin user 964059 already exists
2026-02-10 16:14:00,296 - main - INFO - === Application startup completed successfully ===
2026-02-10 16:19:46,969 - services.database - DEBUG - [DB_OP] Starting database close
2026-02-10 16:19:46,970 - core.database - INFO - Database connection closed and engine disposed
2026-02-10 16:19:46,970 - services.database - INFO - Database connections closed
2026-02-10 16:19:46,970 - services.database - DEBUG - [DB_OP] Database close completed in 0.0013s
