2026-02-10 15:41:35,794 - main - INFO - === Logging system initialized ===
2026-02-10 15:41:35,794 - main - INFO - Log file: logs/app_20260210_154135.log
2026-02-10 15:41:35,794 - main - INFO - Log level: INFO
2026-02-10 15:41:35,794 - main - INFO - Timestamp: 20260210_154135
2026-02-10 15:41:39,912 - main - INFO - Included router: routers.aihub.router
2026-02-10 15:41:40,093 - main - INFO - Included router: routers.auth.router
2026-02-10 15:41:40,132 - main - INFO - Included router: routers.health.router
2026-02-10 15:41:40,185 - main - INFO - Included router: routers.settings.router
2026-02-10 15:41:40,319 - main - INFO - Included router: routers.storage.router
2026-02-10 15:41:40,393 - main - INFO - Included router: routers.user.router
2026-02-10 15:41:40,395 - main - INFO - === Application startup initiated ===
2026-02-10 15:41:40,395 - services.database - DEBUG - [DB_OP] Starting database initialization
2026-02-10 15:41:40,396 - services.database - INFO - 🔧 Starting database initialization...
2026-02-10 15:41:40,396 - core.database - INFO - Starting database initialization...
2026-02-10 15:41:40,396 - core.config - DEBUG - Read dynamic attribute database_url from environment variable DATABASE_URL
2026-02-10 15:41:40,396 - core.database - INFO - Normalizing database URL for async compatibility...
2026-02-10 15:41:40,397 - core.database - INFO - Creating async database engine...
2026-02-10 15:41:40,397 - core.database - INFO - Using QueuePool with connection pooling for non-Lambda environment
2026-02-10 15:41:40,620 - core.database - INFO - Database engine created successfully
2026-02-10 15:41:40,620 - core.database - INFO - Creating async session maker...
2026-02-10 15:41:40,620 - core.database - INFO - Async session maker created successfully
2026-02-10 15:41:40,620 - core.database - INFO - Database connection initialized successfully
2026-02-10 15:41:40,620 - services.database - INFO - 🔧 Database connection initialized, now creating tables if tables not exist...
2026-02-10 15:41:40,621 - core.database - DEBUG - [DB_OP] Starting create_tables
2026-02-10 15:41:40,621 - core.database - INFO - 🔧 Starting table creation...
2026-02-10 15:41:42,909 - core.database - INFO - Tables initialized successfully
2026-02-10 15:41:42,909 - core.database - DEBUG - [DB_OP] Create tables completed in 2.2887s
2026-02-10 15:41:42,984 - services.database - INFO - 🔧 Table creation completed
2026-02-10 15:41:42,985 - services.database - INFO - Database initialized successfully
2026-02-10 15:41:42,985 - services.database - DEBUG - [DB_OP] Database initialization completed in 2.5897s
2026-02-10 15:41:42,986 - services.mock_data - INFO - mock_data directory not found, skipping mock initialization
2026-02-10 15:41:42,986 - services.database - DEBUG - [DB_OP] Starting database initialization
2026-02-10 15:41:42,986 - services.database - INFO - 🔧 Starting database initialization...
2026-02-10 15:41:42,987 - core.database - INFO - Starting database initialization...
2026-02-10 15:41:42,987 - core.database - INFO - Database already initialized
2026-02-10 15:41:42,987 - services.database - INFO - 🔧 Database connection initialized, now creating tables if tables not exist...
2026-02-10 15:41:42,988 - core.database - DEBUG - [DB_OP] Starting create_tables
2026-02-10 15:41:42,988 - core.database - INFO - Tables already initialized
2026-02-10 15:41:42,988 - services.database - INFO - 🔧 Table creation completed
2026-02-10 15:41:42,988 - services.database - INFO - Database initialized successfully
2026-02-10 15:41:42,988 - services.database - DEBUG - [DB_OP] Database initialization completed in 0.0018s
2026-02-10 15:41:42,988 - core.config - DEBUG - Read dynamic attribute admin_user_id from environment variable ADMIN_USER_ID
2026-02-10 15:41:42,988 - core.config - DEBUG - Read dynamic attribute admin_user_email from environment variable ADMIN_USER_EMAIL
2026-02-10 15:41:43,733 - services.auth - DEBUG - Created admin user: 964059 with email: euloge.todowish@gmail.com
2026-02-10 15:41:43,734 - main - INFO - === Application startup completed successfully ===
2026-02-10 15:41:47,138 - core.database - DEBUG - [DB_OP] Starting get_db session creation
2026-02-10 15:41:47,138 - core.database - DEBUG - [DB_OP] Database session created successfully in 0.0004s
2026-02-10 15:41:47,139 - routers.auth - INFO - [token/exchange] Received platform token exchange request
2026-02-10 15:41:47,139 - core.config - DEBUG - Read dynamic attribute oidc_issuer_url from environment variable OIDC_ISSUER_URL
2026-02-10 15:41:47,139 - routers.auth - DEBUG - [token/exchange] Verifying token with issuer: https://auth.atoms.dev/api/v1/oidc/platform/tokens/verify
2026-02-10 15:41:47,730 - httpcore.connection - DEBUG - connect_tcp.started host='auth.atoms.dev' port=443 local_address=None timeout=5.0 socket_options=None
2026-02-10 15:41:47,743 - httpcore.connection - DEBUG - connect_tcp.complete return_value=<httpcore._backends.anyio.AnyIOStream object at 0x7f4e5cf64a00>
2026-02-10 15:41:47,744 - httpcore.connection - DEBUG - start_tls.started ssl_context=<ssl.SSLContext object at 0x7f4e5f09e3c0> server_hostname='auth.atoms.dev' timeout=5.0
2026-02-10 15:41:47,752 - httpcore.connection - DEBUG - start_tls.complete return_value=<httpcore._backends.anyio.AnyIOStream object at 0x7f4e5cee71f0>
2026-02-10 15:41:47,752 - httpcore.http11 - DEBUG - send_request_headers.started request=<Request [b'POST']>
2026-02-10 15:41:47,753 - httpcore.http11 - DEBUG - send_request_headers.complete
2026-02-10 15:41:47,753 - httpcore.http11 - DEBUG - send_request_body.started request=<Request [b'POST']>
2026-02-10 15:41:47,754 - httpcore.http11 - DEBUG - send_request_body.complete
2026-02-10 15:41:47,754 - httpcore.http11 - DEBUG - receive_response_headers.started request=<Request [b'POST']>
2026-02-10 15:41:47,784 - httpcore.http11 - DEBUG - receive_response_headers.complete return_value=(b'HTTP/1.1', 200, b'OK', [(b'Date', b'Tue, 10 Feb 2026 23:41:47 GMT'), (b'Content-Type', b'application/json'), (b'Transfer-Encoding', b'chunked'), (b'Connection', b'keep-alive'), (b'x-response-time', b'0.002s'), (b'x-request-id', b'700dff6b254773a20cad161ab497ab73'), (b'cf-cache-status', b'DYNAMIC'), (b'Content-Encoding', b'gzip'), (b'Server', b'cloudflare'), (b'CF-RAY', b'9cbf75957e817e95-LAX')])
2026-02-10 15:41:47,785 - httpx - INFO - HTTP Request: POST https://auth.atoms.dev/api/v1/oidc/platform/tokens/verify "HTTP/1.1 200 OK"
2026-02-10 15:41:47,785 - httpcore.http11 - DEBUG - receive_response_body.started request=<Request [b'POST']>
2026-02-10 15:41:47,786 - httpcore.http11 - DEBUG - receive_response_body.complete
2026-02-10 15:41:47,786 - httpcore.http11 - DEBUG - response_closed.started
2026-02-10 15:41:47,786 - httpcore.http11 - DEBUG - response_closed.complete
2026-02-10 15:41:47,786 - httpcore.connection - DEBUG - close.started
2026-02-10 15:41:47,787 - httpcore.connection - DEBUG - close.complete
2026-02-10 15:41:47,787 - routers.auth - DEBUG - [token/exchange] Issuer response status: 200
2026-02-10 15:41:47,787 - routers.auth - DEBUG - [token/exchange] Issuer response body: {'success': True, 'data': {'exp': 1773358760, 'user_id': 964059, 'email': 'euloge.todowish@gmail.com', 'pv': 0}, 'message': 'Platform token verified', 'code': 0, 'timestamp': '2026-02-10T23:41:47.779953'}
2026-02-10 15:41:47,787 - routers.auth - INFO - [token/exchange] Token verified, platform_user_id=964059, email=euloge.todowish@gmail.com
2026-02-10 15:41:47,787 - routers.auth - INFO - [token/exchange] Admin user verified, issuing admin token without DB persistence
2026-02-10 15:41:47,787 - routers.auth - DEBUG - [token/exchange] Admin user object for token issuance: id=964059, email=euloge.todowish@gmail.com, role=admin
2026-02-10 15:41:47,788 - core.config - DEBUG - Read dynamic attribute jwt_expire_minutes from environment variable JWT_EXPIRE_MINUTES
2026-02-10 15:41:47,788 - core.config - DEBUG - Read dynamic attribute jwt_secret_key from environment variable JWT_SECRET_KEY
2026-02-10 15:41:47,789 - core.config - DEBUG - Read dynamic attribute jwt_algorithm from environment variable JWT_ALGORITHM
2026-02-10 15:41:47,837 - core.auth - DEBUG - Authentication token created for user hash: be107ec6
2026-02-10 15:41:47,838 - routers.auth - INFO - [token/exchange] Token issued successfully for user_id=964059, expires_at=2026-03-12 23:41:47.788877+00:00
2026-02-10 15:41:47,839 - core.database - DEBUG - [DB_OP] Database session cleanup after 0.7009s
2026-02-10 15:43:41,896 - services.database - DEBUG - [DB_OP] Starting database close
2026-02-10 15:43:41,974 - core.database - INFO - Database connection closed and engine disposed
2026-02-10 15:43:41,975 - services.database - INFO - Database connections closed
2026-02-10 15:43:41,975 - services.database - DEBUG - [DB_OP] Database close completed in 0.0793s
