2026-02-12 11:13:03,612 - main - INFO - === Logging system initialized ===
2026-02-12 11:13:03,613 - main - INFO - Log file: logs/app_20260212_111303.log
2026-02-12 11:13:03,613 - main - INFO - Log level: INFO
2026-02-12 11:13:03,614 - main - INFO - Timestamp: 20260212_111303
2026-02-12 11:13:03,917 - main - INFO - Included router: routers.ai_learning.router
2026-02-12 11:13:04,466 - main - WARNING - Failed to import module 'routers.aihub': No module named 'sse_starlette'
2026-02-12 11:13:04,490 - main - INFO - Included router: routers.auth_local.router
2026-02-12 11:13:04,524 - main - INFO - Included router: routers.carbon_metrics.router
2026-02-12 11:13:04,532 - main - INFO - Included router: routers.config.router
2026-02-12 11:13:04,539 - main - INFO - Included router: routers.health.router
2026-02-12 11:13:04,573 - main - INFO - Included router: routers.learning_paths.router
2026-02-12 11:13:04,608 - main - INFO - Included router: routers.settings.router
2026-02-12 11:13:04,663 - main - INFO - Included router: routers.storage.router
2026-02-12 11:13:04,712 - main - INFO - Included router: routers.tree_plantations.router
2026-02-12 11:13:04,731 - main - INFO - Included router: routers.user.router
2026-02-12 11:13:04,770 - main - INFO - Included router: routers.user_stats.router
2026-02-12 11:13:04,772 - main - INFO - === Application startup initiated ===
2026-02-12 11:13:04,772 - services.database - DEBUG - [DB_OP] Starting database initialization
2026-02-12 11:13:04,772 - services.database - INFO - 🔧 Starting database initialization...
2026-02-12 11:13:04,773 - core.database - INFO - Starting database initialization...
2026-02-12 11:13:04,773 - core.config - DEBUG - Read dynamic attribute database_url from environment variable DATABASE_URL
2026-02-12 11:13:04,773 - core.database - INFO - Normalizing database URL for async compatibility...
2026-02-12 11:13:04,774 - core.database - INFO - Creating async database engine...
2026-02-12 11:13:04,774 - core.database - INFO - Using QueuePool with connection pooling for non-Lambda environment
2026-02-12 11:13:04,802 - core.database - INFO - Database engine created successfully
2026-02-12 11:13:04,803 - core.database - INFO - Creating async session maker...
2026-02-12 11:13:04,803 - core.database - INFO - Async session maker created successfully
2026-02-12 11:13:04,803 - core.database - INFO - Database connection initialized successfully
2026-02-12 11:13:04,803 - services.database - INFO - 🔧 Database connection initialized, now creating tables if tables not exist...
2026-02-12 11:13:04,804 - core.database - DEBUG - [DB_OP] Starting create_tables
2026-02-12 11:13:04,804 - core.database - INFO - 🔧 Starting table creation...
2026-02-12 11:13:04,905 - core.database - INFO - Tables initialized successfully
2026-02-12 11:13:04,905 - core.database - DEBUG - [DB_OP] Create tables completed in 0.1014s
2026-02-12 11:13:04,907 - services.database - INFO - 🔧 Table creation completed
2026-02-12 11:13:04,907 - services.database - INFO - Database initialized successfully
2026-02-12 11:13:04,908 - services.database - DEBUG - [DB_OP] Database initialization completed in 0.1358s
2026-02-12 11:13:04,909 - services.mock_data - INFO - mock_data directory not found, skipping mock initialization
2026-02-12 11:13:04,909 - services.database - DEBUG - [DB_OP] Starting database initialization
2026-02-12 11:13:04,910 - services.database - INFO - 🔧 Starting database initialization...
2026-02-12 11:13:04,910 - core.database - INFO - Starting database initialization...
2026-02-12 11:13:04,910 - core.database - INFO - Database already initialized
2026-02-12 11:13:04,911 - services.database - INFO - 🔧 Database connection initialized, now creating tables if tables not exist...
2026-02-12 11:13:04,911 - core.database - DEBUG - [DB_OP] Starting create_tables
2026-02-12 11:13:04,911 - core.database - INFO - Tables already initialized
2026-02-12 11:13:04,912 - services.database - INFO - 🔧 Table creation completed
2026-02-12 11:13:04,912 - services.database - INFO - Database initialized successfully
2026-02-12 11:13:04,912 - services.database - DEBUG - [DB_OP] Database initialization completed in 0.0033s
2026-02-12 11:13:04,933 - services.auth - DEBUG - Admin user admin@ecolearn.com already exists
2026-02-12 11:13:04,935 - main - INFO - === Application startup completed successfully ===
2026-02-12 11:16:27,232 - services.database - DEBUG - [DB_OP] Starting database close
2026-02-12 11:16:27,366 - core.database - INFO - Database connection closed and engine disposed
2026-02-12 11:16:27,368 - services.database - INFO - Database connections closed
2026-02-12 11:16:27,369 - services.database - DEBUG - [DB_OP] Database close completed in 0.1368s
