2026-02-12 13:27:41,763 - main - INFO - === Logging system initialized ===
2026-02-12 13:27:41,763 - main - INFO - Log file: logs/app_20260212_132741.log
2026-02-12 13:27:41,763 - main - INFO - Log level: INFO
2026-02-12 13:27:41,764 - main - INFO - Timestamp: 20260212_132741
2026-02-12 13:27:41,986 - main - INFO - Included router: routers.ai_learning.router
2026-02-12 13:27:42,369 - main - WARNING - Failed to import module 'routers.aihub': No module named 'sse_starlette'
2026-02-12 13:27:42,407 - main - INFO - Included router: routers.auth_local.router
2026-02-12 13:27:42,444 - main - INFO - Included router: routers.carbon_metrics.router
2026-02-12 13:27:42,457 - main - INFO - Included router: routers.config.router
2026-02-12 13:27:42,467 - main - INFO - Included router: routers.health.router
2026-02-12 13:27:42,504 - main - INFO - Included router: routers.learning_paths.router
2026-02-12 13:27:42,521 - main - INFO - Included router: routers.settings.router
2026-02-12 13:27:42,558 - main - INFO - Included router: routers.storage.router
2026-02-12 13:27:42,604 - main - INFO - Included router: routers.tree_plantations.router
2026-02-12 13:27:42,619 - main - INFO - Included router: routers.user.router
2026-02-12 13:27:42,665 - main - INFO - Included router: routers.user_stats.router
2026-02-12 13:27:42,666 - main - INFO - === Application startup initiated ===
2026-02-12 13:27:42,666 - services.database - DEBUG - [DB_OP] Starting database initialization
2026-02-12 13:27:42,667 - services.database - INFO - 🔧 Starting database initialization...
2026-02-12 13:27:42,667 - core.database - INFO - Starting database initialization...
2026-02-12 13:27:42,667 - core.config - DEBUG - Read dynamic attribute database_url from environment variable DATABASE_URL
2026-02-12 13:27:42,667 - core.database - INFO - Normalizing database URL for async compatibility...
2026-02-12 13:27:42,668 - core.database - INFO - Creating async database engine...
2026-02-12 13:27:42,668 - core.database - INFO - Using QueuePool with connection pooling for non-Lambda environment
2026-02-12 13:27:42,691 - core.database - INFO - Database engine created successfully
2026-02-12 13:27:42,692 - core.database - INFO - Creating async session maker...
2026-02-12 13:27:42,692 - core.database - INFO - Async session maker created successfully
2026-02-12 13:27:42,693 - core.database - INFO - Database connection initialized successfully
2026-02-12 13:27:42,693 - services.database - INFO - 🔧 Database connection initialized, now creating tables if tables not exist...
2026-02-12 13:27:42,694 - core.database - DEBUG - [DB_OP] Starting create_tables
2026-02-12 13:27:42,694 - core.database - INFO - 🔧 Starting table creation...
2026-02-12 13:27:42,741 - core.database - INFO - Tables initialized successfully
2026-02-12 13:27:42,742 - core.database - DEBUG - [DB_OP] Create tables completed in 0.0479s
2026-02-12 13:27:42,743 - services.database - INFO - 🔧 Table creation completed
2026-02-12 13:27:42,743 - services.database - INFO - Database initialized successfully
2026-02-12 13:27:42,743 - services.database - DEBUG - [DB_OP] Database initialization completed in 0.0769s
2026-02-12 13:27:42,744 - services.mock_data - INFO - mock_data directory not found, skipping mock initialization
2026-02-12 13:27:42,744 - services.database - DEBUG - [DB_OP] Starting database initialization
2026-02-12 13:27:42,744 - services.database - INFO - 🔧 Starting database initialization...
2026-02-12 13:27:42,745 - core.database - INFO - Starting database initialization...
2026-02-12 13:27:42,745 - core.database - INFO - Database already initialized
2026-02-12 13:27:42,745 - services.database - INFO - 🔧 Database connection initialized, now creating tables if tables not exist...
2026-02-12 13:27:42,747 - core.database - DEBUG - [DB_OP] Starting create_tables
2026-02-12 13:27:42,748 - core.database - INFO - Tables already initialized
2026-02-12 13:27:42,748 - services.database - INFO - 🔧 Table creation completed
2026-02-12 13:27:42,749 - services.database - INFO - Database initialized successfully
2026-02-12 13:27:42,749 - services.database - DEBUG - [DB_OP] Database initialization completed in 0.0049s
2026-02-12 13:27:43,023 - services.auth - INFO - Created admin user: admin@ecolearn.com
2026-02-12 13:27:43,024 - main - INFO - === Application startup completed successfully ===
