2026-02-10 16:19:58,955 - main - INFO - === Logging system initialized ===
2026-02-10 16:19:58,955 - main - INFO - Log file: logs/app_20260210_161958.log
2026-02-10 16:19:58,955 - main - INFO - Log level: INFO
2026-02-10 16:19:58,955 - main - INFO - Timestamp: 20260210_161958
2026-02-10 16:19:59,654 - main - INFO - Included router: routers.ai_learning.router
2026-02-10 16:19:59,665 - main - INFO - Included router: routers.aihub.router
2026-02-10 16:19:59,677 - main - INFO - Included router: routers.auth.router
2026-02-10 16:19:59,748 - main - WARNING - Failed to import module 'routers.auth_local': Table 'users' is already defined for this MetaData instance.  Specify 'extend_existing=True' to redefine options and columns on an existing Table object.
2026-02-10 16:19:59,883 - main - INFO - Included router: routers.carbon_metrics.router
2026-02-10 16:19:59,904 - main - INFO - Included router: routers.health.router
2026-02-10 16:19:59,961 - main - INFO - Included router: routers.learning_paths.router
2026-02-10 16:19:59,981 - main - INFO - Included router: routers.settings.router
2026-02-10 16:20:00,016 - main - INFO - Included router: routers.storage.router
2026-02-10 16:20:00,092 - main - INFO - Included router: routers.tree_plantations.router
2026-02-10 16:20:00,223 - main - INFO - Included router: routers.user.router
2026-02-10 16:20:00,275 - main - INFO - Included router: routers.user_stats.router
2026-02-10 16:20:00,277 - main - INFO - === Application startup initiated ===
2026-02-10 16:20:00,277 - services.database - DEBUG - [DB_OP] Starting database initialization
2026-02-10 16:20:00,277 - services.database - INFO - 🔧 Starting database initialization...
2026-02-10 16:20:00,277 - core.database - INFO - Starting database initialization...
2026-02-10 16:20:00,277 - core.config - DEBUG - Read dynamic attribute database_url from environment variable DATABASE_URL
2026-02-10 16:20:00,278 - core.database - INFO - Normalizing database URL for async compatibility...
2026-02-10 16:20:00,279 - core.database - INFO - Creating async database engine...
2026-02-10 16:20:00,279 - core.database - INFO - Using QueuePool with connection pooling for non-Lambda environment
2026-02-10 16:20:00,331 - core.database - INFO - Database engine created successfully
2026-02-10 16:20:00,332 - core.database - INFO - Creating async session maker...
2026-02-10 16:20:00,332 - core.database - INFO - Async session maker created successfully
2026-02-10 16:20:00,332 - core.database - INFO - Database connection initialized successfully
2026-02-10 16:20:00,332 - services.database - INFO - 🔧 Database connection initialized, now creating tables if tables not exist...
2026-02-10 16:20:00,332 - core.database - DEBUG - [DB_OP] Starting create_tables
2026-02-10 16:20:00,332 - core.database - INFO - 🔧 Starting table creation...
2026-02-10 16:20:01,800 - core.database - INFO - Tables initialized successfully
2026-02-10 16:20:01,801 - core.database - DEBUG - [DB_OP] Create tables completed in 1.4687s
2026-02-10 16:20:01,859 - services.database - INFO - 🔧 Table creation completed
2026-02-10 16:20:01,860 - services.database - INFO - Database initialized successfully
2026-02-10 16:20:01,860 - services.database - DEBUG - [DB_OP] Database initialization completed in 1.5826s
2026-02-10 16:20:01,860 - services.mock_data - INFO - mock_data directory not found, skipping mock initialization
2026-02-10 16:20:01,860 - services.database - DEBUG - [DB_OP] Starting database initialization
2026-02-10 16:20:01,860 - services.database - INFO - 🔧 Starting database initialization...
2026-02-10 16:20:01,861 - core.database - INFO - Starting database initialization...
2026-02-10 16:20:01,861 - core.database - INFO - Database already initialized
2026-02-10 16:20:01,861 - services.database - INFO - 🔧 Database connection initialized, now creating tables if tables not exist...
2026-02-10 16:20:01,861 - core.database - DEBUG - [DB_OP] Starting create_tables
2026-02-10 16:20:01,862 - core.database - INFO - Tables already initialized
2026-02-10 16:20:01,862 - services.database - INFO - 🔧 Table creation completed
2026-02-10 16:20:01,862 - services.database - INFO - Database initialized successfully
2026-02-10 16:20:01,862 - services.database - DEBUG - [DB_OP] Database initialization completed in 0.0019s
2026-02-10 16:20:01,862 - core.config - DEBUG - Read dynamic attribute admin_user_id from environment variable ADMIN_USER_ID
2026-02-10 16:20:01,862 - core.config - DEBUG - Read dynamic attribute admin_user_email from environment variable ADMIN_USER_EMAIL
2026-02-10 16:20:02,278 - services.auth - DEBUG - Admin user 964059 already exists
2026-02-10 16:20:02,338 - main - INFO - === Application startup completed successfully ===
2026-02-10 16:23:47,515 - services.database - DEBUG - [DB_OP] Starting database close
2026-02-10 16:23:47,579 - core.database - INFO - Database connection closed and engine disposed
2026-02-10 16:23:47,579 - services.database - INFO - Database connections closed
2026-02-10 16:23:47,580 - services.database - DEBUG - [DB_OP] Database close completed in 0.0643s
