2026-02-10 16:13:41,247 - main - INFO - === Logging system initialized ===
2026-02-10 16:13:41,247 - main - INFO - Log file: logs/app_20260210_161341.log
2026-02-10 16:13:41,247 - main - INFO - Log level: INFO
2026-02-10 16:13:41,247 - main - INFO - Timestamp: 20260210_161341
2026-02-10 16:13:41,816 - main - INFO - Included router: routers.ai_learning.router
2026-02-10 16:13:41,830 - main - INFO - Included router: routers.aihub.router
2026-02-10 16:13:41,845 - main - INFO - Included router: routers.auth.router
2026-02-10 16:13:41,972 - main - INFO - Included router: routers.carbon_metrics.router
2026-02-10 16:13:41,975 - main - INFO - Included router: routers.health.router
2026-02-10 16:13:42,023 - main - INFO - Included router: routers.learning_paths.router
2026-02-10 16:13:42,053 - main - INFO - Included router: routers.settings.router
2026-02-10 16:13:42,093 - main - INFO - Included router: routers.storage.router
2026-02-10 16:13:42,140 - main - INFO - Included router: routers.tree_plantations.router
2026-02-10 16:13:42,148 - main - INFO - Included router: routers.user.router
2026-02-10 16:13:42,195 - main - INFO - Included router: routers.user_stats.router
2026-02-10 16:13:42,197 - main - INFO - === Application startup initiated ===
2026-02-10 16:13:42,197 - services.database - DEBUG - [DB_OP] Starting database initialization
2026-02-10 16:13:42,197 - services.database - INFO - 🔧 Starting database initialization...
2026-02-10 16:13:42,197 - core.database - INFO - Starting database initialization...
2026-02-10 16:13:42,197 - core.config - DEBUG - Read dynamic attribute database_url from environment variable DATABASE_URL
2026-02-10 16:13:42,197 - core.database - INFO - Normalizing database URL for async compatibility...
2026-02-10 16:13:42,198 - core.database - INFO - Creating async database engine...
2026-02-10 16:13:42,198 - core.database - INFO - Using QueuePool with connection pooling for non-Lambda environment
2026-02-10 16:13:42,251 - core.database - INFO - Database engine created successfully
2026-02-10 16:13:42,251 - core.database - INFO - Creating async session maker...
2026-02-10 16:13:42,251 - core.database - INFO - Async session maker created successfully
2026-02-10 16:13:42,252 - core.database - INFO - Database connection initialized successfully
2026-02-10 16:13:42,252 - services.database - INFO - 🔧 Database connection initialized, now creating tables if tables not exist...
2026-02-10 16:13:42,252 - core.database - DEBUG - [DB_OP] Starting create_tables
2026-02-10 16:13:42,252 - core.database - INFO - 🔧 Starting table creation...
2026-02-10 16:13:43,717 - core.database - INFO - Tables initialized successfully
2026-02-10 16:13:43,718 - core.database - DEBUG - [DB_OP] Create tables completed in 1.4658s
2026-02-10 16:13:43,776 - services.database - INFO - 🔧 Table creation completed
2026-02-10 16:13:43,777 - services.database - INFO - Database initialized successfully
2026-02-10 16:13:43,777 - services.database - DEBUG - [DB_OP] Database initialization completed in 1.5800s
2026-02-10 16:13:43,777 - services.mock_data - INFO - mock_data directory not found, skipping mock initialization
2026-02-10 16:13:43,777 - services.database - DEBUG - [DB_OP] Starting database initialization
2026-02-10 16:13:43,777 - services.database - INFO - 🔧 Starting database initialization...
2026-02-10 16:13:43,777 - core.database - INFO - Starting database initialization...
2026-02-10 16:13:43,777 - core.database - INFO - Database already initialized
2026-02-10 16:13:43,778 - services.database - INFO - 🔧 Database connection initialized, now creating tables if tables not exist...
2026-02-10 16:13:43,778 - core.database - DEBUG - [DB_OP] Starting create_tables
2026-02-10 16:13:43,778 - core.database - INFO - Tables already initialized
2026-02-10 16:13:43,778 - services.database - INFO - 🔧 Table creation completed
2026-02-10 16:13:43,778 - services.database - INFO - Database initialized successfully
2026-02-10 16:13:43,778 - services.database - DEBUG - [DB_OP] Database initialization completed in 0.0007s
2026-02-10 16:13:43,778 - core.config - DEBUG - Read dynamic attribute admin_user_id from environment variable ADMIN_USER_ID
2026-02-10 16:13:43,778 - core.config - DEBUG - Read dynamic attribute admin_user_email from environment variable ADMIN_USER_EMAIL
2026-02-10 16:13:44,196 - services.auth - DEBUG - Admin user 964059 already exists
2026-02-10 16:13:44,255 - main - INFO - === Application startup completed successfully ===
2026-02-10 16:13:55,787 - services.database - DEBUG - [DB_OP] Starting database close
2026-02-10 16:13:55,848 - core.database - INFO - Database connection closed and engine disposed
2026-02-10 16:13:55,849 - services.database - INFO - Database connections closed
2026-02-10 16:13:55,849 - services.database - DEBUG - [DB_OP] Database close completed in 0.0621s
