2026-02-10 18:53:19,090 - main - INFO - === Logging system initialized ===
2026-02-10 18:53:19,090 - main - INFO - Log file: logs/app_20260210_185319.log
2026-02-10 18:53:19,090 - main - INFO - Log level: INFO
2026-02-10 18:53:19,090 - main - INFO - Timestamp: 20260210_185319
2026-02-10 18:53:19,438 - main - INFO - Included router: routers.ai_learning.router
2026-02-10 18:53:19,959 - main - INFO - Included router: routers.aihub.router
2026-02-10 18:53:19,979 - main - INFO - Included router: routers.auth_local.router
2026-02-10 18:53:20,029 - main - INFO - Included router: routers.carbon_metrics.router
2026-02-10 18:53:20,031 - main - INFO - Included router: routers.config.router
2026-02-10 18:53:20,033 - main - INFO - Included router: routers.health.router
2026-02-10 18:53:20,161 - main - INFO - Included router: routers.learning_paths.router
2026-02-10 18:53:20,181 - main - INFO - Included router: routers.settings.router
2026-02-10 18:53:20,218 - main - INFO - Included router: routers.storage.router
2026-02-10 18:53:20,267 - main - INFO - Included router: routers.tree_plantations.router
2026-02-10 18:53:20,277 - main - INFO - Included router: routers.user.router
2026-02-10 18:53:20,331 - main - INFO - Included router: routers.user_stats.router
2026-02-10 18:53:20,332 - main - INFO - === Application startup initiated ===
2026-02-10 18:53:20,332 - services.database - DEBUG - [DB_OP] Starting database initialization
2026-02-10 18:53:20,332 - services.database - INFO - 🔧 Starting database initialization...
2026-02-10 18:53:20,333 - core.database - INFO - Starting database initialization...
2026-02-10 18:53:20,333 - core.config - DEBUG - Read dynamic attribute database_url from environment variable DATABASE_URL
2026-02-10 18:53:20,333 - core.database - INFO - Normalizing database URL for async compatibility...
2026-02-10 18:53:20,334 - core.database - INFO - Creating async database engine...
2026-02-10 18:53:20,335 - core.database - INFO - Using QueuePool with connection pooling for non-Lambda environment
2026-02-10 18:53:20,375 - core.database - INFO - Database engine created successfully
2026-02-10 18:53:20,375 - core.database - INFO - Creating async session maker...
2026-02-10 18:53:20,375 - core.database - INFO - Async session maker created successfully
2026-02-10 18:53:20,375 - core.database - INFO - Database connection initialized successfully
2026-02-10 18:53:20,375 - services.database - INFO - 🔧 Database connection initialized, now creating tables if tables not exist...
2026-02-10 18:53:20,376 - core.database - DEBUG - [DB_OP] Starting create_tables
2026-02-10 18:53:20,376 - core.database - INFO - 🔧 Starting table creation...
2026-02-10 18:53:21,772 - core.database - INFO - Tables initialized successfully
2026-02-10 18:53:21,772 - core.database - DEBUG - [DB_OP] Create tables completed in 1.3967s
2026-02-10 18:53:21,831 - services.database - INFO - 🔧 Table creation completed
2026-02-10 18:53:21,831 - services.database - INFO - Database initialized successfully
2026-02-10 18:53:21,831 - services.database - DEBUG - [DB_OP] Database initialization completed in 1.4992s
2026-02-10 18:53:21,832 - services.mock_data - INFO - mock_data directory not found, skipping mock initialization
2026-02-10 18:53:21,832 - services.database - DEBUG - [DB_OP] Starting database initialization
2026-02-10 18:53:21,832 - services.database - INFO - 🔧 Starting database initialization...
2026-02-10 18:53:21,833 - core.database - INFO - Starting database initialization...
2026-02-10 18:53:21,833 - core.database - INFO - Database already initialized
2026-02-10 18:53:21,833 - services.database - INFO - 🔧 Database connection initialized, now creating tables if tables not exist...
2026-02-10 18:53:21,833 - core.database - DEBUG - [DB_OP] Starting create_tables
2026-02-10 18:53:21,833 - core.database - INFO - Tables already initialized
2026-02-10 18:53:21,833 - services.database - INFO - 🔧 Table creation completed
2026-02-10 18:53:21,833 - services.database - INFO - Database initialized successfully
2026-02-10 18:53:21,833 - services.database - DEBUG - [DB_OP] Database initialization completed in 0.0010s
