2026-02-12 11:34:11,378 - main - INFO - === Logging system initialized ===
2026-02-12 11:34:11,378 - main - INFO - Log file: logs/app_20260212_113411.log
2026-02-12 11:34:11,379 - main - INFO - Log level: INFO
2026-02-12 11:34:11,379 - main - INFO - Timestamp: 20260212_113411
2026-02-12 11:34:11,682 - main - INFO - Included router: routers.ai_learning.router
2026-02-12 11:34:12,219 - main - WARNING - Failed to import module 'routers.aihub': No module named 'sse_starlette'
2026-02-12 11:34:12,247 - main - INFO - Included router: routers.auth_local.router
2026-02-12 11:34:12,286 - main - INFO - Included router: routers.carbon_metrics.router
2026-02-12 11:34:12,296 - main - INFO - Included router: routers.config.router
2026-02-12 11:34:12,305 - main - INFO - Included router: routers.health.router
2026-02-12 11:34:12,346 - main - INFO - Included router: routers.learning_paths.router
2026-02-12 11:34:12,369 - main - INFO - Included router: routers.settings.router
2026-02-12 11:34:12,418 - main - INFO - Included router: routers.storage.router
2026-02-12 11:34:12,464 - main - INFO - Included router: routers.tree_plantations.router
2026-02-12 11:34:12,482 - main - INFO - Included router: routers.user.router
2026-02-12 11:34:12,522 - main - INFO - Included router: routers.user_stats.router
2026-02-12 11:34:12,525 - main - INFO - === Application startup initiated ===
2026-02-12 11:34:12,526 - services.database - DEBUG - [DB_OP] Starting database initialization
2026-02-12 11:34:12,526 - services.database - INFO - 🔧 Starting database initialization...
2026-02-12 11:34:12,527 - core.database - INFO - Starting database initialization...
2026-02-12 11:34:12,528 - core.config - DEBUG - Read dynamic attribute database_url from environment variable DATABASE_URL
2026-02-12 11:34:12,528 - core.database - INFO - Normalizing database URL for async compatibility...
2026-02-12 11:34:12,530 - core.database - INFO - Creating async database engine...
2026-02-12 11:34:12,530 - core.database - INFO - Using QueuePool with connection pooling for non-Lambda environment
2026-02-12 11:34:12,574 - core.database - INFO - Database engine created successfully
2026-02-12 11:34:12,574 - core.database - INFO - Creating async session maker...
2026-02-12 11:34:12,575 - core.database - INFO - Async session maker created successfully
2026-02-12 11:34:12,575 - core.database - INFO - Database connection initialized successfully
2026-02-12 11:34:12,575 - services.database - INFO - 🔧 Database connection initialized, now creating tables if tables not exist...
2026-02-12 11:34:12,575 - core.database - DEBUG - [DB_OP] Starting create_tables
2026-02-12 11:34:12,576 - core.database - INFO - 🔧 Starting table creation...
2026-02-12 11:34:12,684 - core.database - INFO - Tables initialized successfully
2026-02-12 11:34:12,685 - core.database - DEBUG - [DB_OP] Create tables completed in 0.1091s
2026-02-12 11:34:12,686 - services.database - INFO - 🔧 Table creation completed
2026-02-12 11:34:12,686 - services.database - INFO - Database initialized successfully
2026-02-12 11:34:12,686 - services.database - DEBUG - [DB_OP] Database initialization completed in 0.1609s
2026-02-12 11:34:12,687 - services.mock_data - INFO - mock_data directory not found, skipping mock initialization
2026-02-12 11:34:12,687 - services.database - DEBUG - [DB_OP] Starting database initialization
2026-02-12 11:34:12,688 - services.database - INFO - 🔧 Starting database initialization...
2026-02-12 11:34:12,688 - core.database - INFO - Starting database initialization...
2026-02-12 11:34:12,688 - core.database - INFO - Database already initialized
2026-02-12 11:34:12,688 - services.database - INFO - 🔧 Database connection initialized, now creating tables if tables not exist...
2026-02-12 11:34:12,689 - core.database - DEBUG - [DB_OP] Starting create_tables
2026-02-12 11:34:12,689 - core.database - INFO - Tables already initialized
2026-02-12 11:34:12,689 - services.database - INFO - 🔧 Table creation completed
2026-02-12 11:34:12,690 - services.database - INFO - Database initialized successfully
2026-02-12 11:34:12,690 - services.database - DEBUG - [DB_OP] Database initialization completed in 0.0026s
2026-02-12 11:34:12,710 - services.auth - DEBUG - Admin user admin@ecolearn.com already exists
2026-02-12 11:34:12,712 - main - INFO - === Application startup completed successfully ===
2026-02-12 11:34:55,761 - services.database - DEBUG - [DB_OP] Starting database close
2026-02-12 11:34:55,771 - core.database - INFO - Database connection closed and engine disposed
2026-02-12 11:34:55,772 - services.database - INFO - Database connections closed
2026-02-12 11:34:55,772 - services.database - DEBUG - [DB_OP] Database close completed in 0.0114s
