2026-02-10 16:44:14,168 - main - INFO - === Logging system initialized ===
2026-02-10 16:44:14,168 - main - INFO - Log file: logs/app_20260210_164414.log
2026-02-10 16:44:14,168 - main - INFO - Log level: INFO
2026-02-10 16:44:14,168 - main - INFO - Timestamp: 20260210_164414
2026-02-10 16:44:14,804 - main - INFO - Included router: routers.ai_learning.router
2026-02-10 16:44:14,818 - main - INFO - Included router: routers.aihub.router
2026-02-10 16:44:14,831 - main - INFO - Included router: routers.auth.router
2026-02-10 16:44:14,845 - main - WARNING - Failed to import module 'routers.auth_local': Table 'users' is already defined for this MetaData instance.  Specify 'extend_existing=True' to redefine options and columns on an existing Table object.
2026-02-10 16:44:14,971 - main - INFO - Included router: routers.carbon_metrics.router
2026-02-10 16:44:14,993 - main - INFO - Included router: routers.health.router
2026-02-10 16:44:15,038 - main - INFO - Included router: routers.learning_paths.router
2026-02-10 16:44:15,059 - main - INFO - Included router: routers.settings.router
2026-02-10 16:44:15,095 - main - INFO - Included router: routers.storage.router
2026-02-10 16:44:15,143 - main - INFO - Included router: routers.tree_plantations.router
2026-02-10 16:44:15,154 - main - INFO - Included router: routers.user.router
2026-02-10 16:44:15,203 - main - INFO - Included router: routers.user_stats.router
2026-02-10 16:44:15,205 - main - INFO - === Application startup initiated ===
2026-02-10 16:44:15,205 - services.database - DEBUG - [DB_OP] Starting database initialization
2026-02-10 16:44:15,205 - services.database - INFO - 🔧 Starting database initialization...
2026-02-10 16:44:15,206 - core.database - INFO - Starting database initialization...
2026-02-10 16:44:15,206 - core.config - DEBUG - Read dynamic attribute database_url from environment variable DATABASE_URL
2026-02-10 16:44:15,206 - core.database - INFO - Normalizing database URL for async compatibility...
2026-02-10 16:44:15,207 - core.database - INFO - Creating async database engine...
2026-02-10 16:44:15,207 - core.database - INFO - Using QueuePool with connection pooling for non-Lambda environment
2026-02-10 16:44:15,254 - core.database - INFO - Database engine created successfully
2026-02-10 16:44:15,254 - core.database - INFO - Creating async session maker...
2026-02-10 16:44:15,255 - core.database - INFO - Async session maker created successfully
2026-02-10 16:44:15,255 - core.database - INFO - Database connection initialized successfully
2026-02-10 16:44:15,255 - services.database - INFO - 🔧 Database connection initialized, now creating tables if tables not exist...
2026-02-10 16:44:15,255 - core.database - DEBUG - [DB_OP] Starting create_tables
2026-02-10 16:44:15,255 - core.database - INFO - 🔧 Starting table creation...
2026-02-10 16:44:16,710 - core.database - INFO - Tables initialized successfully
2026-02-10 16:44:16,710 - core.database - DEBUG - [DB_OP] Create tables completed in 1.4555s
2026-02-10 16:44:16,769 - services.database - INFO - 🔧 Table creation completed
2026-02-10 16:44:16,769 - services.database - INFO - Database initialized successfully
2026-02-10 16:44:16,769 - services.database - DEBUG - [DB_OP] Database initialization completed in 1.5643s
2026-02-10 16:44:16,770 - services.mock_data - INFO - mock_data directory not found, skipping mock initialization
2026-02-10 16:44:16,770 - services.database - DEBUG - [DB_OP] Starting database initialization
2026-02-10 16:44:16,770 - services.database - INFO - 🔧 Starting database initialization...
2026-02-10 16:44:16,771 - core.database - INFO - Starting database initialization...
2026-02-10 16:44:16,771 - core.database - INFO - Database already initialized
2026-02-10 16:44:16,771 - services.database - INFO - 🔧 Database connection initialized, now creating tables if tables not exist...
2026-02-10 16:44:16,771 - core.database - DEBUG - [DB_OP] Starting create_tables
2026-02-10 16:44:16,771 - core.database - INFO - Tables already initialized
2026-02-10 16:44:16,771 - services.database - INFO - 🔧 Table creation completed
2026-02-10 16:44:16,771 - services.database - INFO - Database initialized successfully
2026-02-10 16:44:16,771 - services.database - DEBUG - [DB_OP] Database initialization completed in 0.0010s
2026-02-10 16:44:16,771 - core.config - DEBUG - Read dynamic attribute admin_user_id from environment variable ADMIN_USER_ID
2026-02-10 16:44:16,772 - core.config - DEBUG - Read dynamic attribute admin_user_email from environment variable ADMIN_USER_EMAIL
2026-02-10 16:44:17,187 - services.auth - DEBUG - Admin user 964059 already exists
2026-02-10 16:44:17,246 - main - INFO - === Application startup completed successfully ===
2026-02-10 17:03:29,371 - services.database - DEBUG - [DB_OP] Starting database close
2026-02-10 17:03:29,372 - core.database - INFO - Database connection closed and engine disposed
2026-02-10 17:03:29,372 - services.database - INFO - Database connections closed
2026-02-10 17:03:29,372 - services.database - DEBUG - [DB_OP] Database close completed in 0.0013s
