2026-02-10 17:42:10,586 - main - INFO - === Logging system initialized ===
2026-02-10 17:42:10,586 - main - INFO - Log file: logs/app_20260210_174210.log
2026-02-10 17:42:10,586 - main - INFO - Log level: INFO
2026-02-10 17:42:10,586 - main - INFO - Timestamp: 20260210_174210
2026-02-10 17:42:11,596 - main - INFO - Included router: routers.ai_learning.router
2026-02-10 17:42:11,612 - main - INFO - Included router: routers.aihub.router
2026-02-10 17:42:11,642 - main - INFO - Included router: routers.auth_local.router
2026-02-10 17:42:11,764 - main - INFO - Included router: routers.carbon_metrics.router
2026-02-10 17:42:11,766 - main - INFO - Included router: routers.config.router
2026-02-10 17:42:11,767 - main - INFO - Included router: routers.health.router
2026-02-10 17:42:11,810 - main - INFO - Included router: routers.learning_paths.router
2026-02-10 17:42:11,829 - main - INFO - Included router: routers.settings.router
2026-02-10 17:42:11,865 - main - INFO - Included router: routers.storage.router
2026-02-10 17:42:11,913 - main - INFO - Included router: routers.tree_plantations.router
2026-02-10 17:42:11,921 - main - INFO - Included router: routers.user.router
2026-02-10 17:42:11,965 - main - INFO - Included router: routers.user_stats.router
2026-02-10 17:42:11,967 - main - INFO - === Application startup initiated ===
2026-02-10 17:42:11,967 - services.database - DEBUG - [DB_OP] Starting database initialization
2026-02-10 17:42:11,967 - services.database - INFO - 🔧 Starting database initialization...
2026-02-10 17:42:11,967 - core.database - INFO - Starting database initialization...
2026-02-10 17:42:11,967 - core.config - DEBUG - Read dynamic attribute database_url from environment variable DATABASE_URL
2026-02-10 17:42:11,967 - core.database - INFO - Normalizing database URL for async compatibility...
2026-02-10 17:42:11,968 - core.database - INFO - Creating async database engine...
2026-02-10 17:42:11,968 - core.database - INFO - Using QueuePool with connection pooling for non-Lambda environment
2026-02-10 17:42:12,051 - core.database - INFO - Database engine created successfully
2026-02-10 17:42:12,051 - core.database - INFO - Creating async session maker...
2026-02-10 17:42:12,052 - core.database - INFO - Async session maker created successfully
2026-02-10 17:42:12,052 - core.database - INFO - Database connection initialized successfully
2026-02-10 17:42:12,052 - services.database - INFO - 🔧 Database connection initialized, now creating tables if tables not exist...
2026-02-10 17:42:12,052 - core.database - DEBUG - [DB_OP] Starting create_tables
2026-02-10 17:42:12,052 - core.database - INFO - 🔧 Starting table creation...
2026-02-10 17:42:13,837 - core.database - INFO - Tables initialized successfully
2026-02-10 17:42:13,838 - core.database - DEBUG - [DB_OP] Create tables completed in 1.7856s
2026-02-10 17:42:13,897 - services.database - INFO - 🔧 Table creation completed
2026-02-10 17:42:13,897 - services.database - INFO - Database initialized successfully
2026-02-10 17:42:13,898 - services.database - DEBUG - [DB_OP] Database initialization completed in 1.9310s
2026-02-10 17:42:13,898 - services.mock_data - INFO - mock_data directory not found, skipping mock initialization
2026-02-10 17:42:13,898 - services.database - DEBUG - [DB_OP] Starting database initialization
2026-02-10 17:42:13,899 - services.database - INFO - 🔧 Starting database initialization...
2026-02-10 17:42:13,899 - core.database - INFO - Starting database initialization...
2026-02-10 17:42:13,899 - core.database - INFO - Database already initialized
2026-02-10 17:42:13,899 - services.database - INFO - 🔧 Database connection initialized, now creating tables if tables not exist...
2026-02-10 17:42:13,899 - core.database - DEBUG - [DB_OP] Starting create_tables
2026-02-10 17:42:13,899 - core.database - INFO - Tables already initialized
2026-02-10 17:42:13,899 - services.database - INFO - 🔧 Table creation completed
2026-02-10 17:42:13,900 - services.database - INFO - Database initialized successfully
2026-02-10 17:42:13,900 - services.database - DEBUG - [DB_OP] Database initialization completed in 0.0014s
