2026-02-12 11:28:21,202 - main - INFO - === Logging system initialized ===
2026-02-12 11:28:21,203 - main - INFO - Log file: logs/app_20260212_112821.log
2026-02-12 11:28:21,203 - main - INFO - Log level: INFO
2026-02-12 11:28:21,203 - main - INFO - Timestamp: 20260212_112821
2026-02-12 11:28:21,420 - main - INFO - Included router: routers.ai_learning.router
2026-02-12 11:28:22,042 - main - WARNING - Failed to import module 'routers.aihub': No module named 'sse_starlette'
2026-02-12 11:28:22,067 - main - INFO - Included router: routers.auth_local.router
2026-02-12 11:28:22,102 - main - INFO - Included router: routers.carbon_metrics.router
2026-02-12 11:28:22,110 - main - INFO - Included router: routers.config.router
2026-02-12 11:28:22,118 - main - INFO - Included router: routers.health.router
2026-02-12 11:28:22,155 - main - INFO - Included router: routers.learning_paths.router
2026-02-12 11:28:22,174 - main - INFO - Included router: routers.settings.router
2026-02-12 11:28:22,217 - main - INFO - Included router: routers.storage.router
2026-02-12 11:28:22,263 - main - INFO - Included router: routers.tree_plantations.router
2026-02-12 11:28:22,283 - main - INFO - Included router: routers.user.router
2026-02-12 11:28:22,318 - main - INFO - Included router: routers.user_stats.router
2026-02-12 11:28:22,320 - main - INFO - === Application startup initiated ===
2026-02-12 11:28:22,320 - services.database - DEBUG - [DB_OP] Starting database initialization
2026-02-12 11:28:22,320 - services.database - INFO - 🔧 Starting database initialization...
2026-02-12 11:28:22,321 - core.database - INFO - Starting database initialization...
2026-02-12 11:28:22,321 - core.config - DEBUG - Read dynamic attribute database_url from environment variable DATABASE_URL
2026-02-12 11:28:22,321 - core.database - INFO - Normalizing database URL for async compatibility...
2026-02-12 11:28:22,322 - core.database - INFO - Creating async database engine...
2026-02-12 11:28:22,322 - core.database - INFO - Using QueuePool with connection pooling for non-Lambda environment
2026-02-12 11:28:22,357 - core.database - INFO - Database engine created successfully
2026-02-12 11:28:22,358 - core.database - INFO - Creating async session maker...
2026-02-12 11:28:22,358 - core.database - INFO - Async session maker created successfully
2026-02-12 11:28:22,359 - core.database - INFO - Database connection initialized successfully
2026-02-12 11:28:22,359 - services.database - INFO - 🔧 Database connection initialized, now creating tables if tables not exist...
2026-02-12 11:28:22,359 - core.database - DEBUG - [DB_OP] Starting create_tables
2026-02-12 11:28:22,360 - core.database - INFO - 🔧 Starting table creation...
2026-02-12 11:28:22,421 - core.database - INFO - Tables initialized successfully
2026-02-12 11:28:22,422 - core.database - DEBUG - [DB_OP] Create tables completed in 0.0622s
2026-02-12 11:28:22,424 - services.database - INFO - 🔧 Table creation completed
2026-02-12 11:28:22,424 - services.database - INFO - Database initialized successfully
2026-02-12 11:28:22,424 - services.database - DEBUG - [DB_OP] Database initialization completed in 0.1039s
2026-02-12 11:28:22,425 - services.mock_data - INFO - mock_data directory not found, skipping mock initialization
2026-02-12 11:28:22,425 - services.database - DEBUG - [DB_OP] Starting database initialization
2026-02-12 11:28:22,425 - services.database - INFO - 🔧 Starting database initialization...
2026-02-12 11:28:22,426 - core.database - INFO - Starting database initialization...
2026-02-12 11:28:22,426 - core.database - INFO - Database already initialized
2026-02-12 11:28:22,426 - services.database - INFO - 🔧 Database connection initialized, now creating tables if tables not exist...
2026-02-12 11:28:22,427 - core.database - DEBUG - [DB_OP] Starting create_tables
2026-02-12 11:28:22,427 - core.database - INFO - Tables already initialized
2026-02-12 11:28:22,427 - services.database - INFO - 🔧 Table creation completed
2026-02-12 11:28:22,427 - services.database - INFO - Database initialized successfully
2026-02-12 11:28:22,428 - services.database - DEBUG - [DB_OP] Database initialization completed in 0.0028s
2026-02-12 11:28:22,441 - services.auth - DEBUG - Admin user admin@ecolearn.com already exists
2026-02-12 11:28:22,442 - main - INFO - === Application startup completed successfully ===
2026-02-12 11:33:28,449 - services.database - DEBUG - [DB_OP] Starting database close
2026-02-12 11:33:28,565 - core.database - INFO - Database connection closed and engine disposed
2026-02-12 11:33:28,568 - services.database - INFO - Database connections closed
2026-02-12 11:33:28,571 - services.database - DEBUG - [DB_OP] Database close completed in 0.1208s
