2026-02-10 16:43:57,635 - main - INFO - === Logging system initialized ===
2026-02-10 16:43:57,636 - main - INFO - Log file: logs/app_20260210_164357.log
2026-02-10 16:43:57,636 - main - INFO - Log level: INFO
2026-02-10 16:43:57,636 - main - INFO - Timestamp: 20260210_164357
2026-02-10 16:43:58,284 - main - INFO - Included router: routers.ai_learning.router
2026-02-10 16:43:58,296 - main - INFO - Included router: routers.aihub.router
2026-02-10 16:43:58,309 - main - INFO - Included router: routers.auth.router
2026-02-10 16:43:58,323 - main - WARNING - Failed to import module 'routers.auth_local': Table 'users' is already defined for this MetaData instance.  Specify 'extend_existing=True' to redefine options and columns on an existing Table object.
2026-02-10 16:43:58,446 - main - INFO - Included router: routers.carbon_metrics.router
2026-02-10 16:43:58,448 - main - INFO - Included router: routers.health.router
2026-02-10 16:43:58,494 - main - INFO - Included router: routers.learning_paths.router
2026-02-10 16:43:58,520 - main - INFO - Included router: routers.settings.router
2026-02-10 16:43:58,560 - main - INFO - Included router: routers.storage.router
2026-02-10 16:43:58,615 - main - INFO - Included router: routers.tree_plantations.router
2026-02-10 16:43:58,624 - main - INFO - Included router: routers.user.router
2026-02-10 16:43:58,670 - main - INFO - Included router: routers.user_stats.router
2026-02-10 16:43:58,672 - main - INFO - === Application startup initiated ===
2026-02-10 16:43:58,672 - services.database - DEBUG - [DB_OP] Starting database initialization
2026-02-10 16:43:58,672 - services.database - INFO - 🔧 Starting database initialization...
2026-02-10 16:43:58,672 - core.database - INFO - Starting database initialization...
2026-02-10 16:43:58,673 - core.config - DEBUG - Read dynamic attribute database_url from environment variable DATABASE_URL
2026-02-10 16:43:58,673 - core.database - INFO - Normalizing database URL for async compatibility...
2026-02-10 16:43:58,674 - core.database - INFO - Creating async database engine...
2026-02-10 16:43:58,674 - core.database - INFO - Using QueuePool with connection pooling for non-Lambda environment
2026-02-10 16:43:58,725 - core.database - INFO - Database engine created successfully
2026-02-10 16:43:58,725 - core.database - INFO - Creating async session maker...
2026-02-10 16:43:58,725 - core.database - INFO - Async session maker created successfully
2026-02-10 16:43:58,725 - core.database - INFO - Database connection initialized successfully
2026-02-10 16:43:58,726 - services.database - INFO - 🔧 Database connection initialized, now creating tables if tables not exist...
2026-02-10 16:43:58,726 - core.database - DEBUG - [DB_OP] Starting create_tables
2026-02-10 16:43:58,726 - core.database - INFO - 🔧 Starting table creation...
2026-02-10 16:44:00,557 - core.database - INFO - Tables initialized successfully
2026-02-10 16:44:00,557 - core.database - DEBUG - [DB_OP] Create tables completed in 1.8314s
2026-02-10 16:44:00,617 - services.database - INFO - 🔧 Table creation completed
2026-02-10 16:44:00,617 - services.database - INFO - Database initialized successfully
2026-02-10 16:44:00,618 - services.database - DEBUG - [DB_OP] Database initialization completed in 1.9457s
2026-02-10 16:44:00,618 - services.mock_data - INFO - mock_data directory not found, skipping mock initialization
2026-02-10 16:44:00,618 - services.database - DEBUG - [DB_OP] Starting database initialization
2026-02-10 16:44:00,619 - services.database - INFO - 🔧 Starting database initialization...
2026-02-10 16:44:00,619 - core.database - INFO - Starting database initialization...
2026-02-10 16:44:00,619 - core.database - INFO - Database already initialized
2026-02-10 16:44:00,619 - services.database - INFO - 🔧 Database connection initialized, now creating tables if tables not exist...
2026-02-10 16:44:00,619 - core.database - DEBUG - [DB_OP] Starting create_tables
2026-02-10 16:44:00,619 - core.database - INFO - Tables already initialized
2026-02-10 16:44:00,619 - services.database - INFO - 🔧 Table creation completed
2026-02-10 16:44:00,620 - services.database - INFO - Database initialized successfully
2026-02-10 16:44:00,620 - services.database - DEBUG - [DB_OP] Database initialization completed in 0.0014s
2026-02-10 16:44:00,620 - core.config - DEBUG - Read dynamic attribute admin_user_id from environment variable ADMIN_USER_ID
2026-02-10 16:44:00,620 - core.config - DEBUG - Read dynamic attribute admin_user_email from environment variable ADMIN_USER_EMAIL
2026-02-10 16:44:01,054 - services.auth - DEBUG - Admin user 964059 already exists
2026-02-10 16:44:01,114 - main - INFO - === Application startup completed successfully ===
2026-02-10 16:44:03,120 - services.database - DEBUG - [DB_OP] Starting database close
2026-02-10 16:44:03,183 - core.database - INFO - Database connection closed and engine disposed
2026-02-10 16:44:03,183 - services.database - INFO - Database connections closed
2026-02-10 16:44:03,183 - services.database - DEBUG - [DB_OP] Database close completed in 0.0629s
