2026-02-10 18:50:40,977 - main - INFO - === Logging system initialized ===
2026-02-10 18:50:40,977 - main - INFO - Log file: logs/app_20260210_185040.log
2026-02-10 18:50:40,977 - main - INFO - Log level: INFO
2026-02-10 18:50:40,977 - main - INFO - Timestamp: 20260210_185040
2026-02-10 18:50:41,399 - main - INFO - Included router: routers.ai_learning.router
2026-02-10 18:50:42,003 - main - INFO - Included router: routers.aihub.router
2026-02-10 18:50:42,042 - main - INFO - Included router: routers.auth_local.router
2026-02-10 18:50:42,088 - main - INFO - Included router: routers.carbon_metrics.router
2026-02-10 18:50:42,091 - main - INFO - Included router: routers.config.router
2026-02-10 18:50:42,092 - main - INFO - Included router: routers.health.router
2026-02-10 18:50:42,218 - main - INFO - Included router: routers.learning_paths.router
2026-02-10 18:50:42,240 - main - INFO - Included router: routers.settings.router
2026-02-10 18:50:42,297 - main - INFO - Included router: routers.storage.router
2026-02-10 18:50:42,371 - main - INFO - Included router: routers.tree_plantations.router
2026-02-10 18:50:42,380 - main - INFO - Included router: routers.user.router
2026-02-10 18:50:42,433 - main - INFO - Included router: routers.user_stats.router
2026-02-10 18:50:42,434 - main - INFO - === Application startup initiated ===
2026-02-10 18:50:42,434 - services.database - DEBUG - [DB_OP] Starting database initialization
2026-02-10 18:50:42,434 - services.database - INFO - 🔧 Starting database initialization...
2026-02-10 18:50:42,434 - core.database - INFO - Starting database initialization...
2026-02-10 18:50:42,434 - core.config - DEBUG - Read dynamic attribute database_url from environment variable DATABASE_URL
2026-02-10 18:50:42,435 - core.database - INFO - Normalizing database URL for async compatibility...
2026-02-10 18:50:42,436 - core.database - INFO - Creating async database engine...
2026-02-10 18:50:42,436 - core.database - INFO - Using QueuePool with connection pooling for non-Lambda environment
2026-02-10 18:50:42,499 - core.database - INFO - Database engine created successfully
2026-02-10 18:50:42,500 - core.database - INFO - Creating async session maker...
2026-02-10 18:50:42,500 - core.database - INFO - Async session maker created successfully
2026-02-10 18:50:42,500 - core.database - INFO - Database connection initialized successfully
2026-02-10 18:50:42,500 - services.database - INFO - 🔧 Database connection initialized, now creating tables if tables not exist...
2026-02-10 18:50:42,500 - core.database - DEBUG - [DB_OP] Starting create_tables
2026-02-10 18:50:42,500 - core.database - INFO - 🔧 Starting table creation...
2026-02-10 18:50:44,292 - core.database - INFO - Tables initialized successfully
2026-02-10 18:50:44,293 - core.database - DEBUG - [DB_OP] Create tables completed in 1.7928s
2026-02-10 18:50:44,352 - services.database - INFO - 🔧 Table creation completed
2026-02-10 18:50:44,352 - services.database - INFO - Database initialized successfully
2026-02-10 18:50:44,353 - services.database - DEBUG - [DB_OP] Database initialization completed in 1.9185s
2026-02-10 18:50:44,353 - services.mock_data - INFO - mock_data directory not found, skipping mock initialization
2026-02-10 18:50:44,353 - services.database - DEBUG - [DB_OP] Starting database initialization
2026-02-10 18:50:44,353 - services.database - INFO - 🔧 Starting database initialization...
2026-02-10 18:50:44,354 - core.database - INFO - Starting database initialization...
2026-02-10 18:50:44,354 - core.database - INFO - Database already initialized
2026-02-10 18:50:44,354 - services.database - INFO - 🔧 Database connection initialized, now creating tables if tables not exist...
2026-02-10 18:50:44,354 - core.database - DEBUG - [DB_OP] Starting create_tables
2026-02-10 18:50:44,354 - core.database - INFO - Tables already initialized
2026-02-10 18:50:44,354 - services.database - INFO - 🔧 Table creation completed
2026-02-10 18:50:44,354 - services.database - INFO - Database initialized successfully
2026-02-10 18:50:44,354 - services.database - DEBUG - [DB_OP] Database initialization completed in 0.0007s
