2026-02-10 18:38:12,944 - main - INFO - === Logging system initialized ===
2026-02-10 18:38:12,944 - main - INFO - Log file: logs/app_20260210_183812.log
2026-02-10 18:38:12,944 - main - INFO - Log level: INFO
2026-02-10 18:38:12,944 - main - INFO - Timestamp: 20260210_183812
2026-02-10 18:38:13,781 - main - INFO - Included router: routers.ai_learning.router
2026-02-10 18:38:13,794 - main - INFO - Included router: routers.aihub.router
2026-02-10 18:38:13,816 - main - INFO - Included router: routers.auth_local.router
2026-02-10 18:38:13,943 - main - INFO - Included router: routers.carbon_metrics.router
2026-02-10 18:38:13,961 - main - INFO - Included router: routers.config.router
2026-02-10 18:38:13,963 - main - INFO - Included router: routers.health.router
2026-02-10 18:38:14,008 - main - INFO - Included router: routers.learning_paths.router
2026-02-10 18:38:14,046 - main - INFO - Included router: routers.settings.router
2026-02-10 18:38:14,081 - main - INFO - Included router: routers.storage.router
2026-02-10 18:38:14,130 - main - INFO - Included router: routers.tree_plantations.router
2026-02-10 18:38:14,139 - main - INFO - Included router: routers.user.router
2026-02-10 18:38:14,193 - main - INFO - Included router: routers.user_stats.router
2026-02-10 18:38:14,194 - main - INFO - === Application startup initiated ===
2026-02-10 18:38:14,194 - services.database - DEBUG - [DB_OP] Starting database initialization
2026-02-10 18:38:14,194 - services.database - INFO - 🔧 Starting database initialization...
2026-02-10 18:38:14,194 - core.database - INFO - Starting database initialization...
2026-02-10 18:38:14,195 - core.config - DEBUG - Read dynamic attribute database_url from environment variable DATABASE_URL
2026-02-10 18:38:14,195 - core.database - INFO - Normalizing database URL for async compatibility...
2026-02-10 18:38:14,196 - core.database - INFO - Creating async database engine...
2026-02-10 18:38:14,196 - core.database - INFO - Using QueuePool with connection pooling for non-Lambda environment
2026-02-10 18:38:14,238 - core.database - INFO - Database engine created successfully
2026-02-10 18:38:14,239 - core.database - INFO - Creating async session maker...
2026-02-10 18:38:14,239 - core.database - INFO - Async session maker created successfully
2026-02-10 18:38:14,239 - core.database - INFO - Database connection initialized successfully
2026-02-10 18:38:14,239 - services.database - INFO - 🔧 Database connection initialized, now creating tables if tables not exist...
2026-02-10 18:38:14,239 - core.database - DEBUG - [DB_OP] Starting create_tables
2026-02-10 18:38:14,239 - core.database - INFO - 🔧 Starting table creation...
2026-02-10 18:38:15,630 - core.database - INFO - Tables initialized successfully
2026-02-10 18:38:15,631 - core.database - DEBUG - [DB_OP] Create tables completed in 1.3917s
2026-02-10 18:38:15,690 - services.database - INFO - 🔧 Table creation completed
2026-02-10 18:38:15,690 - services.database - INFO - Database initialized successfully
2026-02-10 18:38:15,690 - services.database - DEBUG - [DB_OP] Database initialization completed in 1.4962s
2026-02-10 18:38:15,691 - services.mock_data - INFO - mock_data directory not found, skipping mock initialization
2026-02-10 18:38:15,691 - services.database - DEBUG - [DB_OP] Starting database initialization
2026-02-10 18:38:15,691 - services.database - INFO - 🔧 Starting database initialization...
2026-02-10 18:38:15,691 - core.database - INFO - Starting database initialization...
2026-02-10 18:38:15,691 - core.database - INFO - Database already initialized
2026-02-10 18:38:15,691 - services.database - INFO - 🔧 Database connection initialized, now creating tables if tables not exist...
2026-02-10 18:38:15,692 - core.database - DEBUG - [DB_OP] Starting create_tables
2026-02-10 18:38:15,692 - core.database - INFO - Tables already initialized
2026-02-10 18:38:15,692 - services.database - INFO - 🔧 Table creation completed
2026-02-10 18:38:15,692 - services.database - INFO - Database initialized successfully
2026-02-10 18:38:15,692 - services.database - DEBUG - [DB_OP] Database initialization completed in 0.0010s
