2026-02-10 18:38:00,177 - main - INFO - === Logging system initialized ===
2026-02-10 18:38:00,178 - main - INFO - Log file: logs/app_20260210_183800.log
2026-02-10 18:38:00,178 - main - INFO - Log level: INFO
2026-02-10 18:38:00,178 - main - INFO - Timestamp: 20260210_183800
2026-02-10 18:38:01,091 - main - INFO - Included router: routers.ai_learning.router
2026-02-10 18:38:01,102 - main - INFO - Included router: routers.aihub.router
2026-02-10 18:38:01,125 - main - INFO - Included router: routers.auth_local.router
2026-02-10 18:38:01,264 - main - INFO - Included router: routers.carbon_metrics.router
2026-02-10 18:38:01,266 - main - INFO - Included router: routers.config.router
2026-02-10 18:38:01,269 - main - INFO - Included router: routers.health.router
2026-02-10 18:38:01,318 - main - INFO - Included router: routers.learning_paths.router
2026-02-10 18:38:01,337 - main - INFO - Included router: routers.settings.router
2026-02-10 18:38:01,371 - main - INFO - Included router: routers.storage.router
2026-02-10 18:38:01,417 - main - INFO - Included router: routers.tree_plantations.router
2026-02-10 18:38:01,426 - main - INFO - Included router: routers.user.router
2026-02-10 18:38:01,475 - main - INFO - Included router: routers.user_stats.router
2026-02-10 18:38:01,476 - main - INFO - === Application startup initiated ===
2026-02-10 18:38:01,476 - services.database - DEBUG - [DB_OP] Starting database initialization
2026-02-10 18:38:01,476 - services.database - INFO - 🔧 Starting database initialization...
2026-02-10 18:38:01,476 - core.database - INFO - Starting database initialization...
2026-02-10 18:38:01,477 - core.config - DEBUG - Read dynamic attribute database_url from environment variable DATABASE_URL
2026-02-10 18:38:01,477 - core.database - INFO - Normalizing database URL for async compatibility...
2026-02-10 18:38:01,478 - core.database - INFO - Creating async database engine...
2026-02-10 18:38:01,478 - core.database - INFO - Using QueuePool with connection pooling for non-Lambda environment
2026-02-10 18:38:01,515 - core.database - INFO - Database engine created successfully
2026-02-10 18:38:01,515 - core.database - INFO - Creating async session maker...
2026-02-10 18:38:01,516 - core.database - INFO - Async session maker created successfully
2026-02-10 18:38:01,516 - core.database - INFO - Database connection initialized successfully
2026-02-10 18:38:01,516 - services.database - INFO - 🔧 Database connection initialized, now creating tables if tables not exist...
2026-02-10 18:38:01,516 - core.database - DEBUG - [DB_OP] Starting create_tables
2026-02-10 18:38:01,516 - core.database - INFO - 🔧 Starting table creation...
2026-02-10 18:38:02,946 - core.database - INFO - Tables initialized successfully
2026-02-10 18:38:02,946 - core.database - DEBUG - [DB_OP] Create tables completed in 1.4305s
2026-02-10 18:38:03,006 - services.database - INFO - 🔧 Table creation completed
2026-02-10 18:38:03,007 - services.database - INFO - Database initialized successfully
2026-02-10 18:38:03,007 - services.database - DEBUG - [DB_OP] Database initialization completed in 1.5306s
2026-02-10 18:38:03,007 - services.mock_data - INFO - mock_data directory not found, skipping mock initialization
2026-02-10 18:38:03,007 - services.database - DEBUG - [DB_OP] Starting database initialization
2026-02-10 18:38:03,007 - services.database - INFO - 🔧 Starting database initialization...
2026-02-10 18:38:03,008 - core.database - INFO - Starting database initialization...
2026-02-10 18:38:03,008 - core.database - INFO - Database already initialized
2026-02-10 18:38:03,008 - services.database - INFO - 🔧 Database connection initialized, now creating tables if tables not exist...
2026-02-10 18:38:03,008 - core.database - DEBUG - [DB_OP] Starting create_tables
2026-02-10 18:38:03,008 - core.database - INFO - Tables already initialized
2026-02-10 18:38:03,008 - services.database - INFO - 🔧 Table creation completed
2026-02-10 18:38:03,008 - services.database - INFO - Database initialized successfully
2026-02-10 18:38:03,008 - services.database - DEBUG - [DB_OP] Database initialization completed in 0.0008s
