2026-02-10 17:18:35,086 - main - INFO - === Logging system initialized ===
2026-02-10 17:18:35,086 - main - INFO - Log file: logs/app_20260210_171835.log
2026-02-10 17:18:35,086 - main - INFO - Log level: INFO
2026-02-10 17:18:35,086 - main - INFO - Timestamp: 20260210_171835
2026-02-10 17:18:35,855 - main - INFO - Included router: routers.ai_learning.router
2026-02-10 17:18:35,869 - main - INFO - Included router: routers.aihub.router
2026-02-10 17:18:35,903 - main - INFO - Included router: routers.auth_local.router
2026-02-10 17:18:36,028 - main - INFO - Included router: routers.carbon_metrics.router
2026-02-10 17:18:36,046 - main - INFO - Included router: routers.health.router
2026-02-10 17:18:36,112 - main - INFO - Included router: routers.learning_paths.router
2026-02-10 17:18:36,134 - main - INFO - Included router: routers.settings.router
2026-02-10 17:18:36,169 - main - INFO - Included router: routers.storage.router
2026-02-10 17:18:36,216 - main - INFO - Included router: routers.tree_plantations.router
2026-02-10 17:18:36,218 - main - WARNING - Failed to import module 'routers.user': No module named 'models.auth'
2026-02-10 17:18:36,264 - main - INFO - Included router: routers.user_stats.router
2026-02-10 17:18:36,266 - main - INFO - === Application startup initiated ===
2026-02-10 17:18:36,266 - services.database - DEBUG - [DB_OP] Starting database initialization
2026-02-10 17:18:36,266 - services.database - INFO - 🔧 Starting database initialization...
2026-02-10 17:18:36,266 - core.database - INFO - Starting database initialization...
2026-02-10 17:18:36,266 - core.config - DEBUG - Read dynamic attribute database_url from environment variable DATABASE_URL
2026-02-10 17:18:36,266 - core.database - INFO - Normalizing database URL for async compatibility...
2026-02-10 17:18:36,267 - core.database - INFO - Creating async database engine...
2026-02-10 17:18:36,267 - core.database - INFO - Using QueuePool with connection pooling for non-Lambda environment
2026-02-10 17:18:36,311 - core.database - INFO - Database engine created successfully
2026-02-10 17:18:36,311 - core.database - INFO - Creating async session maker...
2026-02-10 17:18:36,311 - core.database - INFO - Async session maker created successfully
2026-02-10 17:18:36,311 - core.database - INFO - Database connection initialized successfully
2026-02-10 17:18:36,312 - services.database - INFO - 🔧 Database connection initialized, now creating tables if tables not exist...
2026-02-10 17:18:36,312 - core.database - DEBUG - [DB_OP] Starting create_tables
2026-02-10 17:18:36,312 - core.database - INFO - 🔧 Starting table creation...
2026-02-10 17:18:37,717 - core.database - INFO - Tables initialized successfully
2026-02-10 17:18:37,718 - core.database - DEBUG - [DB_OP] Create tables completed in 1.4059s
2026-02-10 17:18:37,778 - services.database - INFO - 🔧 Table creation completed
2026-02-10 17:18:37,778 - services.database - INFO - Database initialized successfully
2026-02-10 17:18:37,779 - services.database - DEBUG - [DB_OP] Database initialization completed in 1.5126s
2026-02-10 17:18:37,780 - services.mock_data - INFO - mock_data directory not found, skipping mock initialization
2026-02-10 17:18:37,780 - services.database - DEBUG - [DB_OP] Starting database initialization
2026-02-10 17:18:37,781 - services.database - INFO - 🔧 Starting database initialization...
2026-02-10 17:18:37,781 - core.database - INFO - Starting database initialization...
2026-02-10 17:18:37,781 - core.database - INFO - Database already initialized
2026-02-10 17:18:37,782 - services.database - INFO - 🔧 Database connection initialized, now creating tables if tables not exist...
2026-02-10 17:18:37,782 - core.database - DEBUG - [DB_OP] Starting create_tables
2026-02-10 17:18:37,782 - core.database - INFO - Tables already initialized
2026-02-10 17:18:37,782 - services.database - INFO - 🔧 Table creation completed
2026-02-10 17:18:37,782 - services.database - INFO - Database initialized successfully
2026-02-10 17:18:37,782 - services.database - DEBUG - [DB_OP] Database initialization completed in 0.0016s
