2026-02-10 18:37:05,332 - main - INFO - === Logging system initialized ===
2026-02-10 18:37:05,332 - main - INFO - Log file: logs/app_20260210_183705.log
2026-02-10 18:37:05,333 - main - INFO - Log level: INFO
2026-02-10 18:37:05,333 - main - INFO - Timestamp: 20260210_183705
2026-02-10 18:37:06,194 - main - INFO - Included router: routers.ai_learning.router
2026-02-10 18:37:06,206 - main - INFO - Included router: routers.aihub.router
2026-02-10 18:37:06,236 - main - INFO - Included router: routers.auth_local.router
2026-02-10 18:37:06,363 - main - INFO - Included router: routers.carbon_metrics.router
2026-02-10 18:37:06,365 - main - INFO - Included router: routers.config.router
2026-02-10 18:37:06,366 - main - INFO - Included router: routers.health.router
2026-02-10 18:37:06,411 - main - INFO - Included router: routers.learning_paths.router
2026-02-10 18:37:06,434 - main - INFO - Included router: routers.settings.router
2026-02-10 18:37:06,471 - main - INFO - Included router: routers.storage.router
2026-02-10 18:37:06,524 - main - INFO - Included router: routers.tree_plantations.router
2026-02-10 18:37:06,532 - main - INFO - Included router: routers.user.router
2026-02-10 18:37:06,580 - main - INFO - Included router: routers.user_stats.router
2026-02-10 18:37:06,581 - main - INFO - === Application startup initiated ===
2026-02-10 18:37:06,581 - services.database - DEBUG - [DB_OP] Starting database initialization
2026-02-10 18:37:06,581 - services.database - INFO - 🔧 Starting database initialization...
2026-02-10 18:37:06,581 - core.database - INFO - Starting database initialization...
2026-02-10 18:37:06,581 - core.config - DEBUG - Read dynamic attribute database_url from environment variable DATABASE_URL
2026-02-10 18:37:06,581 - core.database - INFO - Normalizing database URL for async compatibility...
2026-02-10 18:37:06,582 - core.database - INFO - Creating async database engine...
2026-02-10 18:37:06,582 - core.database - INFO - Using QueuePool with connection pooling for non-Lambda environment
2026-02-10 18:37:06,622 - core.database - INFO - Database engine created successfully
2026-02-10 18:37:06,622 - core.database - INFO - Creating async session maker...
2026-02-10 18:37:06,622 - core.database - INFO - Async session maker created successfully
2026-02-10 18:37:06,622 - core.database - INFO - Database connection initialized successfully
2026-02-10 18:37:06,623 - services.database - INFO - 🔧 Database connection initialized, now creating tables if tables not exist...
2026-02-10 18:37:06,623 - core.database - DEBUG - [DB_OP] Starting create_tables
2026-02-10 18:37:06,623 - core.database - INFO - 🔧 Starting table creation...
2026-02-10 18:37:08,020 - core.database - INFO - Tables initialized successfully
2026-02-10 18:37:08,020 - core.database - DEBUG - [DB_OP] Create tables completed in 1.3974s
2026-02-10 18:37:08,079 - services.database - INFO - 🔧 Table creation completed
2026-02-10 18:37:08,079 - services.database - INFO - Database initialized successfully
2026-02-10 18:37:08,079 - services.database - DEBUG - [DB_OP] Database initialization completed in 1.4982s
2026-02-10 18:37:08,080 - services.mock_data - INFO - mock_data directory not found, skipping mock initialization
2026-02-10 18:37:08,080 - services.database - DEBUG - [DB_OP] Starting database initialization
2026-02-10 18:37:08,081 - services.database - INFO - 🔧 Starting database initialization...
2026-02-10 18:37:08,081 - core.database - INFO - Starting database initialization...
2026-02-10 18:37:08,081 - core.database - INFO - Database already initialized
2026-02-10 18:37:08,081 - services.database - INFO - 🔧 Database connection initialized, now creating tables if tables not exist...
2026-02-10 18:37:08,081 - core.database - DEBUG - [DB_OP] Starting create_tables
2026-02-10 18:37:08,081 - core.database - INFO - Tables already initialized
2026-02-10 18:37:08,081 - services.database - INFO - 🔧 Table creation completed
2026-02-10 18:37:08,081 - services.database - INFO - Database initialized successfully
2026-02-10 18:37:08,081 - services.database - DEBUG - [DB_OP] Database initialization completed in 0.0008s
