2026-02-11 17:50:32,558 - main - INFO - === Logging system initialized ===
2026-02-11 17:50:32,559 - main - INFO - Log file: logs/app_20260211_175032.log
2026-02-11 17:50:32,560 - main - INFO - Log level: INFO
2026-02-11 17:50:32,560 - main - INFO - Timestamp: 20260211_175032
2026-02-11 17:50:32,795 - main - INFO - Included router: routers.ai_learning.router
2026-02-11 17:50:33,342 - main - WARNING - Failed to import module 'routers.aihub': No module named 'sse_starlette'
2026-02-11 17:50:33,382 - main - INFO - Included router: routers.auth_local.router
2026-02-11 17:50:33,446 - main - INFO - Included router: routers.carbon_metrics.router
2026-02-11 17:50:33,458 - main - INFO - Included router: routers.config.router
2026-02-11 17:50:33,467 - main - INFO - Included router: routers.health.router
2026-02-11 17:50:33,516 - main - INFO - Included router: routers.learning_paths.router
2026-02-11 17:50:33,543 - main - INFO - Included router: routers.settings.router
2026-02-11 17:50:33,603 - main - INFO - Included router: routers.storage.router
2026-02-11 17:50:33,663 - main - INFO - Included router: routers.tree_plantations.router
2026-02-11 17:50:33,680 - main - INFO - Included router: routers.user.router
2026-02-11 17:50:33,731 - main - INFO - Included router: routers.user_stats.router
2026-02-11 17:50:33,733 - main - INFO - === Application startup initiated ===
2026-02-11 17:50:33,734 - services.database - DEBUG - [DB_OP] Starting database initialization
2026-02-11 17:50:33,734 - services.database - INFO - 🔧 Starting database initialization...
2026-02-11 17:50:33,735 - core.database - INFO - Starting database initialization...
2026-02-11 17:50:33,735 - core.config - DEBUG - Read dynamic attribute database_url from environment variable DATABASE_URL
2026-02-11 17:50:33,736 - core.database - INFO - Normalizing database URL for async compatibility...
2026-02-11 17:50:33,737 - core.database - INFO - Creating async database engine...
2026-02-11 17:50:33,737 - core.database - INFO - Using QueuePool with connection pooling for non-Lambda environment
2026-02-11 17:50:33,775 - core.database - INFO - Database engine created successfully
2026-02-11 17:50:33,780 - core.database - INFO - Creating async session maker...
2026-02-11 17:50:33,781 - core.database - INFO - Async session maker created successfully
2026-02-11 17:50:33,782 - core.database - INFO - Database connection initialized successfully
2026-02-11 17:50:33,783 - services.database - INFO - 🔧 Database connection initialized, now creating tables if tables not exist...
2026-02-11 17:50:33,783 - core.database - DEBUG - [DB_OP] Starting create_tables
2026-02-11 17:50:33,784 - core.database - INFO - 🔧 Starting table creation...
2026-02-11 17:50:33,864 - core.database - INFO - Tables initialized successfully
2026-02-11 17:50:33,864 - core.database - DEBUG - [DB_OP] Create tables completed in 0.0812s
2026-02-11 17:50:33,865 - services.database - INFO - 🔧 Table creation completed
2026-02-11 17:50:33,866 - services.database - INFO - Database initialized successfully
2026-02-11 17:50:33,874 - services.database - DEBUG - [DB_OP] Database initialization completed in 0.1402s
2026-02-11 17:50:33,876 - services.mock_data - INFO - mock_data directory not found, skipping mock initialization
2026-02-11 17:50:33,877 - services.database - DEBUG - [DB_OP] Starting database initialization
2026-02-11 17:50:33,877 - services.database - INFO - 🔧 Starting database initialization...
2026-02-11 17:50:33,878 - core.database - INFO - Starting database initialization...
2026-02-11 17:50:33,878 - core.database - INFO - Database already initialized
2026-02-11 17:50:33,879 - services.database - INFO - 🔧 Database connection initialized, now creating tables if tables not exist...
2026-02-11 17:50:33,879 - core.database - DEBUG - [DB_OP] Starting create_tables
2026-02-11 17:50:33,879 - core.database - INFO - Tables already initialized
2026-02-11 17:50:33,880 - services.database - INFO - 🔧 Table creation completed
2026-02-11 17:50:33,880 - services.database - INFO - Database initialized successfully
2026-02-11 17:50:33,880 - services.database - DEBUG - [DB_OP] Database initialization completed in 0.0036s
2026-02-11 17:50:33,894 - services.auth - DEBUG - Admin user admin@ecolearn.com already exists
2026-02-11 17:50:33,895 - main - INFO - === Application startup completed successfully ===
2026-02-11 18:08:01,314 - services.database - DEBUG - [DB_OP] Starting database close
2026-02-11 18:08:01,323 - core.database - INFO - Database connection closed and engine disposed
2026-02-11 18:08:01,323 - services.database - INFO - Database connections closed
2026-02-11 18:08:01,324 - services.database - DEBUG - [DB_OP] Database close completed in 0.0096s
