2026-02-10 18:51:15,686 - main - INFO - === Logging system initialized ===
2026-02-10 18:51:15,686 - main - INFO - Log file: logs/app_20260210_185115.log
2026-02-10 18:51:15,687 - main - INFO - Log level: INFO
2026-02-10 18:51:15,687 - main - INFO - Timestamp: 20260210_185115
2026-02-10 18:51:15,964 - main - INFO - Included router: routers.ai_learning.router
2026-02-10 18:51:16,469 - main - INFO - Included router: routers.aihub.router
2026-02-10 18:51:16,487 - main - INFO - Included router: routers.auth_local.router
2026-02-10 18:51:16,537 - main - INFO - Included router: routers.carbon_metrics.router
2026-02-10 18:51:16,538 - main - INFO - Included router: routers.config.router
2026-02-10 18:51:16,539 - main - INFO - Included router: routers.health.router
2026-02-10 18:51:16,666 - main - INFO - Included router: routers.learning_paths.router
2026-02-10 18:51:16,689 - main - INFO - Included router: routers.settings.router
2026-02-10 18:51:16,738 - main - INFO - Included router: routers.storage.router
2026-02-10 18:51:16,792 - main - INFO - Included router: routers.tree_plantations.router
2026-02-10 18:51:16,800 - main - INFO - Included router: routers.user.router
2026-02-10 18:51:16,852 - main - INFO - Included router: routers.user_stats.router
2026-02-10 18:51:16,853 - main - INFO - === Application startup initiated ===
2026-02-10 18:51:16,854 - services.database - DEBUG - [DB_OP] Starting database initialization
2026-02-10 18:51:16,854 - services.database - INFO - 🔧 Starting database initialization...
2026-02-10 18:51:16,854 - core.database - INFO - Starting database initialization...
2026-02-10 18:51:16,854 - core.config - DEBUG - Read dynamic attribute database_url from environment variable DATABASE_URL
2026-02-10 18:51:16,854 - core.database - INFO - Normalizing database URL for async compatibility...
2026-02-10 18:51:16,855 - core.database - INFO - Creating async database engine...
2026-02-10 18:51:16,855 - core.database - INFO - Using QueuePool with connection pooling for non-Lambda environment
2026-02-10 18:51:16,897 - core.database - INFO - Database engine created successfully
2026-02-10 18:51:16,897 - core.database - INFO - Creating async session maker...
2026-02-10 18:51:16,897 - core.database - INFO - Async session maker created successfully
2026-02-10 18:51:16,898 - core.database - INFO - Database connection initialized successfully
2026-02-10 18:51:16,898 - services.database - INFO - 🔧 Database connection initialized, now creating tables if tables not exist...
2026-02-10 18:51:16,898 - core.database - DEBUG - [DB_OP] Starting create_tables
2026-02-10 18:51:16,898 - core.database - INFO - 🔧 Starting table creation...
2026-02-10 18:51:18,302 - core.database - INFO - Tables initialized successfully
2026-02-10 18:51:18,303 - core.database - DEBUG - [DB_OP] Create tables completed in 1.4051s
2026-02-10 18:51:18,362 - services.database - INFO - 🔧 Table creation completed
2026-02-10 18:51:18,362 - services.database - INFO - Database initialized successfully
2026-02-10 18:51:18,363 - services.database - DEBUG - [DB_OP] Database initialization completed in 1.5090s
2026-02-10 18:51:18,363 - services.mock_data - INFO - mock_data directory not found, skipping mock initialization
2026-02-10 18:51:18,363 - services.database - DEBUG - [DB_OP] Starting database initialization
2026-02-10 18:51:18,363 - services.database - INFO - 🔧 Starting database initialization...
2026-02-10 18:51:18,364 - core.database - INFO - Starting database initialization...
2026-02-10 18:51:18,364 - core.database - INFO - Database already initialized
2026-02-10 18:51:18,364 - services.database - INFO - 🔧 Database connection initialized, now creating tables if tables not exist...
2026-02-10 18:51:18,364 - core.database - DEBUG - [DB_OP] Starting create_tables
2026-02-10 18:51:18,364 - core.database - INFO - Tables already initialized
2026-02-10 18:51:18,364 - services.database - INFO - 🔧 Table creation completed
2026-02-10 18:51:18,364 - services.database - INFO - Database initialized successfully
2026-02-10 18:51:18,364 - services.database - DEBUG - [DB_OP] Database initialization completed in 0.0009s
