2026-02-10 17:22:08,824 - main - INFO - === Logging system initialized ===
2026-02-10 17:22:08,824 - main - INFO - Log file: logs/app_20260210_172208.log
2026-02-10 17:22:08,824 - main - INFO - Log level: INFO
2026-02-10 17:22:08,824 - main - INFO - Timestamp: 20260210_172208
2026-02-10 17:22:09,646 - main - INFO - Included router: routers.ai_learning.router
2026-02-10 17:22:09,658 - main - INFO - Included router: routers.aihub.router
2026-02-10 17:22:09,687 - main - INFO - Included router: routers.auth_local.router
2026-02-10 17:22:09,803 - main - INFO - Included router: routers.carbon_metrics.router
2026-02-10 17:22:09,805 - main - INFO - Included router: routers.health.router
2026-02-10 17:22:09,853 - main - INFO - Included router: routers.learning_paths.router
2026-02-10 17:22:09,874 - main - INFO - Included router: routers.settings.router
2026-02-10 17:22:09,910 - main - INFO - Included router: routers.storage.router
2026-02-10 17:22:09,957 - main - INFO - Included router: routers.tree_plantations.router
2026-02-10 17:22:09,965 - main - INFO - Included router: routers.user.router
2026-02-10 17:22:10,010 - main - INFO - Included router: routers.user_stats.router
2026-02-10 17:22:10,011 - main - INFO - === Application startup initiated ===
2026-02-10 17:22:10,011 - services.database - DEBUG - [DB_OP] Starting database initialization
2026-02-10 17:22:10,011 - services.database - INFO - 🔧 Starting database initialization...
2026-02-10 17:22:10,011 - core.database - INFO - Starting database initialization...
2026-02-10 17:22:10,012 - core.config - DEBUG - Read dynamic attribute database_url from environment variable DATABASE_URL
2026-02-10 17:22:10,012 - core.database - INFO - Normalizing database URL for async compatibility...
2026-02-10 17:22:10,013 - core.database - INFO - Creating async database engine...
2026-02-10 17:22:10,013 - core.database - INFO - Using QueuePool with connection pooling for non-Lambda environment
2026-02-10 17:22:10,078 - core.database - INFO - Database engine created successfully
2026-02-10 17:22:10,078 - core.database - INFO - Creating async session maker...
2026-02-10 17:22:10,078 - core.database - INFO - Async session maker created successfully
2026-02-10 17:22:10,078 - core.database - INFO - Database connection initialized successfully
2026-02-10 17:22:10,078 - services.database - INFO - 🔧 Database connection initialized, now creating tables if tables not exist...
2026-02-10 17:22:10,078 - core.database - DEBUG - [DB_OP] Starting create_tables
2026-02-10 17:22:10,078 - core.database - INFO - 🔧 Starting table creation...
2026-02-10 17:22:11,494 - core.database - INFO - Tables initialized successfully
2026-02-10 17:22:11,495 - core.database - DEBUG - [DB_OP] Create tables completed in 1.4165s
2026-02-10 17:22:11,554 - services.database - INFO - 🔧 Table creation completed
2026-02-10 17:22:11,554 - services.database - INFO - Database initialized successfully
2026-02-10 17:22:11,554 - services.database - DEBUG - [DB_OP] Database initialization completed in 1.5431s
2026-02-10 17:22:11,555 - services.mock_data - INFO - mock_data directory not found, skipping mock initialization
2026-02-10 17:22:11,555 - services.database - DEBUG - [DB_OP] Starting database initialization
2026-02-10 17:22:11,555 - services.database - INFO - 🔧 Starting database initialization...
2026-02-10 17:22:11,555 - core.database - INFO - Starting database initialization...
2026-02-10 17:22:11,555 - core.database - INFO - Database already initialized
2026-02-10 17:22:11,556 - services.database - INFO - 🔧 Database connection initialized, now creating tables if tables not exist...
2026-02-10 17:22:11,556 - core.database - DEBUG - [DB_OP] Starting create_tables
2026-02-10 17:22:11,556 - core.database - INFO - Tables already initialized
2026-02-10 17:22:11,556 - services.database - INFO - 🔧 Table creation completed
2026-02-10 17:22:11,556 - services.database - INFO - Database initialized successfully
2026-02-10 17:22:11,556 - services.database - DEBUG - [DB_OP] Database initialization completed in 0.0013s
