2026-02-10 16:13:27,817 - main - INFO - === Logging system initialized ===
2026-02-10 16:13:27,818 - main - INFO - Log file: logs/app_20260210_161327.log
2026-02-10 16:13:27,818 - main - INFO - Log level: INFO
2026-02-10 16:13:27,818 - main - INFO - Timestamp: 20260210_161327
2026-02-10 16:13:28,442 - main - INFO - Included router: routers.ai_learning.router
2026-02-10 16:13:28,453 - main - INFO - Included router: routers.aihub.router
2026-02-10 16:13:28,466 - main - INFO - Included router: routers.auth.router
2026-02-10 16:13:28,591 - main - INFO - Included router: routers.carbon_metrics.router
2026-02-10 16:13:28,600 - main - INFO - Included router: routers.health.router
2026-02-10 16:13:28,646 - main - INFO - Included router: routers.learning_paths.router
2026-02-10 16:13:28,667 - main - INFO - Included router: routers.settings.router
2026-02-10 16:13:28,704 - main - INFO - Included router: routers.storage.router
2026-02-10 16:13:28,757 - main - INFO - Included router: routers.tree_plantations.router
2026-02-10 16:13:28,764 - main - INFO - Included router: routers.user.router
2026-02-10 16:13:28,814 - main - INFO - Included router: routers.user_stats.router
2026-02-10 16:13:28,815 - main - INFO - === Application startup initiated ===
2026-02-10 16:13:28,816 - services.database - DEBUG - [DB_OP] Starting database initialization
2026-02-10 16:13:28,816 - services.database - INFO - 🔧 Starting database initialization...
2026-02-10 16:13:28,816 - core.database - INFO - Starting database initialization...
2026-02-10 16:13:28,816 - core.config - DEBUG - Read dynamic attribute database_url from environment variable DATABASE_URL
2026-02-10 16:13:28,816 - core.database - INFO - Normalizing database URL for async compatibility...
2026-02-10 16:13:28,817 - core.database - INFO - Creating async database engine...
2026-02-10 16:13:28,818 - core.database - INFO - Using QueuePool with connection pooling for non-Lambda environment
2026-02-10 16:13:28,864 - core.database - INFO - Database engine created successfully
2026-02-10 16:13:28,864 - core.database - INFO - Creating async session maker...
2026-02-10 16:13:28,864 - core.database - INFO - Async session maker created successfully
2026-02-10 16:13:28,864 - core.database - INFO - Database connection initialized successfully
2026-02-10 16:13:28,864 - services.database - INFO - 🔧 Database connection initialized, now creating tables if tables not exist...
2026-02-10 16:13:28,865 - core.database - DEBUG - [DB_OP] Starting create_tables
2026-02-10 16:13:28,865 - core.database - INFO - 🔧 Starting table creation...
2026-02-10 16:13:30,318 - core.database - INFO - Tables initialized successfully
2026-02-10 16:13:30,318 - core.database - DEBUG - [DB_OP] Create tables completed in 1.4535s
2026-02-10 16:13:30,377 - services.database - INFO - 🔧 Table creation completed
2026-02-10 16:13:30,377 - services.database - INFO - Database initialized successfully
2026-02-10 16:13:30,377 - services.database - DEBUG - [DB_OP] Database initialization completed in 1.5615s
2026-02-10 16:13:30,378 - services.mock_data - INFO - mock_data directory not found, skipping mock initialization
2026-02-10 16:13:30,378 - services.database - DEBUG - [DB_OP] Starting database initialization
2026-02-10 16:13:30,378 - services.database - INFO - 🔧 Starting database initialization...
2026-02-10 16:13:30,378 - core.database - INFO - Starting database initialization...
2026-02-10 16:13:30,378 - core.database - INFO - Database already initialized
2026-02-10 16:13:30,379 - services.database - INFO - 🔧 Database connection initialized, now creating tables if tables not exist...
2026-02-10 16:13:30,379 - core.database - DEBUG - [DB_OP] Starting create_tables
2026-02-10 16:13:30,379 - core.database - INFO - Tables already initialized
2026-02-10 16:13:30,379 - services.database - INFO - 🔧 Table creation completed
2026-02-10 16:13:30,379 - services.database - INFO - Database initialized successfully
2026-02-10 16:13:30,379 - services.database - DEBUG - [DB_OP] Database initialization completed in 0.0009s
2026-02-10 16:13:30,379 - core.config - DEBUG - Read dynamic attribute admin_user_id from environment variable ADMIN_USER_ID
2026-02-10 16:13:30,379 - core.config - DEBUG - Read dynamic attribute admin_user_email from environment variable ADMIN_USER_EMAIL
2026-02-10 16:13:30,797 - services.auth - DEBUG - Admin user 964059 already exists
2026-02-10 16:13:30,856 - main - INFO - === Application startup completed successfully ===
2026-02-10 16:13:39,987 - services.database - DEBUG - [DB_OP] Starting database close
2026-02-10 16:13:40,048 - core.database - INFO - Database connection closed and engine disposed
2026-02-10 16:13:40,049 - services.database - INFO - Database connections closed
2026-02-10 16:13:40,049 - services.database - DEBUG - [DB_OP] Database close completed in 0.0621s
