2026-02-10 18:02:22,354 - main - INFO - === Logging system initialized ===
2026-02-10 18:02:22,354 - main - INFO - Log file: logs/app_20260210_180222.log
2026-02-10 18:02:22,354 - main - INFO - Log level: INFO
2026-02-10 18:02:22,355 - main - INFO - Timestamp: 20260210_180222
2026-02-10 18:02:23,425 - main - INFO - Included router: routers.ai_learning.router
2026-02-10 18:02:23,438 - main - INFO - Included router: routers.aihub.router
2026-02-10 18:02:23,466 - main - INFO - Included router: routers.auth_local.router
2026-02-10 18:02:23,621 - main - INFO - Included router: routers.carbon_metrics.router
2026-02-10 18:02:23,623 - main - INFO - Included router: routers.config.router
2026-02-10 18:02:23,625 - main - INFO - Included router: routers.health.router
2026-02-10 18:02:23,723 - main - INFO - Included router: routers.learning_paths.router
2026-02-10 18:02:23,744 - main - INFO - Included router: routers.settings.router
2026-02-10 18:02:23,780 - main - INFO - Included router: routers.storage.router
2026-02-10 18:02:24,180 - main - INFO - Included router: routers.tree_plantations.router
2026-02-10 18:02:24,190 - main - INFO - Included router: routers.user.router
2026-02-10 18:02:24,259 - main - INFO - Included router: routers.user_stats.router
2026-02-10 18:02:24,260 - main - INFO - === Application startup initiated ===
2026-02-10 18:02:24,260 - services.database - DEBUG - [DB_OP] Starting database initialization
2026-02-10 18:02:24,261 - services.database - INFO - 🔧 Starting database initialization...
2026-02-10 18:02:24,261 - core.database - INFO - Starting database initialization...
2026-02-10 18:02:24,261 - core.config - DEBUG - Read dynamic attribute database_url from environment variable DATABASE_URL
2026-02-10 18:02:24,261 - core.database - INFO - Normalizing database URL for async compatibility...
2026-02-10 18:02:24,262 - core.database - INFO - Creating async database engine...
2026-02-10 18:02:24,262 - core.database - INFO - Using QueuePool with connection pooling for non-Lambda environment
2026-02-10 18:02:24,309 - core.database - INFO - Database engine created successfully
2026-02-10 18:02:24,309 - core.database - INFO - Creating async session maker...
2026-02-10 18:02:24,309 - core.database - INFO - Async session maker created successfully
2026-02-10 18:02:24,309 - core.database - INFO - Database connection initialized successfully
2026-02-10 18:02:24,309 - services.database - INFO - 🔧 Database connection initialized, now creating tables if tables not exist...
2026-02-10 18:02:24,309 - core.database - DEBUG - [DB_OP] Starting create_tables
2026-02-10 18:02:24,310 - core.database - INFO - 🔧 Starting table creation...
2026-02-10 18:02:26,119 - core.database - INFO - Tables initialized successfully
2026-02-10 18:02:26,119 - core.database - DEBUG - [DB_OP] Create tables completed in 1.8100s
2026-02-10 18:02:26,179 - services.database - INFO - 🔧 Table creation completed
2026-02-10 18:02:26,179 - services.database - INFO - Database initialized successfully
2026-02-10 18:02:26,179 - services.database - DEBUG - [DB_OP] Database initialization completed in 1.9187s
2026-02-10 18:02:26,180 - services.mock_data - INFO - mock_data directory not found, skipping mock initialization
2026-02-10 18:02:26,181 - services.database - DEBUG - [DB_OP] Starting database initialization
2026-02-10 18:02:26,181 - services.database - INFO - 🔧 Starting database initialization...
2026-02-10 18:02:26,181 - core.database - INFO - Starting database initialization...
2026-02-10 18:02:26,181 - core.database - INFO - Database already initialized
2026-02-10 18:02:26,181 - services.database - INFO - 🔧 Database connection initialized, now creating tables if tables not exist...
2026-02-10 18:02:26,181 - core.database - DEBUG - [DB_OP] Starting create_tables
2026-02-10 18:02:26,182 - core.database - INFO - Tables already initialized
2026-02-10 18:02:26,182 - services.database - INFO - 🔧 Table creation completed
2026-02-10 18:02:26,182 - services.database - INFO - Database initialized successfully
2026-02-10 18:02:26,182 - services.database - DEBUG - [DB_OP] Database initialization completed in 0.0011s
