2026-02-10 17:54:34,437 - main - INFO - === Logging system initialized ===
2026-02-10 17:54:34,438 - main - INFO - Log file: logs/app_20260210_175434.log
2026-02-10 17:54:34,438 - main - INFO - Log level: INFO
2026-02-10 17:54:34,438 - main - INFO - Timestamp: 20260210_175434
2026-02-10 17:54:35,572 - main - INFO - Included router: routers.ai_learning.router
2026-02-10 17:54:35,583 - main - INFO - Included router: routers.aihub.router
2026-02-10 17:54:35,613 - main - INFO - Included router: routers.auth_local.router
2026-02-10 17:54:35,755 - main - INFO - Included router: routers.carbon_metrics.router
2026-02-10 17:54:35,768 - main - INFO - Included router: routers.config.router
2026-02-10 17:54:35,769 - main - INFO - Included router: routers.health.router
2026-02-10 17:54:35,816 - main - INFO - Included router: routers.learning_paths.router
2026-02-10 17:54:35,836 - main - INFO - Included router: routers.settings.router
2026-02-10 17:54:35,875 - main - INFO - Included router: routers.storage.router
2026-02-10 17:54:35,923 - main - INFO - Included router: routers.tree_plantations.router
2026-02-10 17:54:35,931 - main - INFO - Included router: routers.user.router
2026-02-10 17:54:35,979 - main - INFO - Included router: routers.user_stats.router
2026-02-10 17:54:35,980 - main - INFO - === Application startup initiated ===
2026-02-10 17:54:35,981 - services.database - DEBUG - [DB_OP] Starting database initialization
2026-02-10 17:54:35,981 - services.database - INFO - 🔧 Starting database initialization...
2026-02-10 17:54:35,981 - core.database - INFO - Starting database initialization...
2026-02-10 17:54:35,982 - core.config - DEBUG - Read dynamic attribute database_url from environment variable DATABASE_URL
2026-02-10 17:54:35,982 - core.database - INFO - Normalizing database URL for async compatibility...
2026-02-10 17:54:35,983 - core.database - INFO - Creating async database engine...
2026-02-10 17:54:35,984 - core.database - INFO - Using QueuePool with connection pooling for non-Lambda environment
2026-02-10 17:54:36,045 - core.database - INFO - Database engine created successfully
2026-02-10 17:54:36,046 - core.database - INFO - Creating async session maker...
2026-02-10 17:54:36,046 - core.database - INFO - Async session maker created successfully
2026-02-10 17:54:36,046 - core.database - INFO - Database connection initialized successfully
2026-02-10 17:54:36,046 - services.database - INFO - 🔧 Database connection initialized, now creating tables if tables not exist...
2026-02-10 17:54:36,046 - core.database - DEBUG - [DB_OP] Starting create_tables
2026-02-10 17:54:36,046 - core.database - INFO - 🔧 Starting table creation...
2026-02-10 17:54:37,457 - core.database - INFO - Tables initialized successfully
2026-02-10 17:54:37,457 - core.database - DEBUG - [DB_OP] Create tables completed in 1.4111s
2026-02-10 17:54:37,516 - services.database - INFO - 🔧 Table creation completed
2026-02-10 17:54:37,517 - services.database - INFO - Database initialized successfully
2026-02-10 17:54:37,517 - services.database - DEBUG - [DB_OP] Database initialization completed in 1.5361s
2026-02-10 17:54:37,517 - services.mock_data - INFO - mock_data directory not found, skipping mock initialization
2026-02-10 17:54:37,517 - services.database - DEBUG - [DB_OP] Starting database initialization
2026-02-10 17:54:37,517 - services.database - INFO - 🔧 Starting database initialization...
2026-02-10 17:54:37,517 - core.database - INFO - Starting database initialization...
2026-02-10 17:54:37,517 - core.database - INFO - Database already initialized
2026-02-10 17:54:37,517 - services.database - INFO - 🔧 Database connection initialized, now creating tables if tables not exist...
2026-02-10 17:54:37,518 - core.database - DEBUG - [DB_OP] Starting create_tables
2026-02-10 17:54:37,518 - core.database - INFO - Tables already initialized
2026-02-10 17:54:37,518 - services.database - INFO - 🔧 Table creation completed
2026-02-10 17:54:37,518 - services.database - INFO - Database initialized successfully
2026-02-10 17:54:37,518 - services.database - DEBUG - [DB_OP] Database initialization completed in 0.0006s
