2026-02-10 17:53:49,027 - main - INFO - === Logging system initialized ===
2026-02-10 17:53:49,027 - main - INFO - Log file: logs/app_20260210_175349.log
2026-02-10 17:53:49,028 - main - INFO - Log level: INFO
2026-02-10 17:53:49,028 - main - INFO - Timestamp: 20260210_175349
2026-02-10 17:53:49,886 - main - INFO - Included router: routers.ai_learning.router
2026-02-10 17:53:49,897 - main - INFO - Included router: routers.aihub.router
2026-02-10 17:53:49,944 - main - INFO - Included router: routers.auth_local.router
2026-02-10 17:53:50,059 - main - INFO - Included router: routers.carbon_metrics.router
2026-02-10 17:53:50,061 - main - INFO - Included router: routers.config.router
2026-02-10 17:53:50,062 - main - INFO - Included router: routers.health.router
2026-02-10 17:53:50,105 - main - INFO - Included router: routers.learning_paths.router
2026-02-10 17:53:50,128 - main - INFO - Included router: routers.settings.router
2026-02-10 17:53:50,162 - main - INFO - Included router: routers.storage.router
2026-02-10 17:53:50,207 - main - INFO - Included router: routers.tree_plantations.router
2026-02-10 17:53:50,215 - main - INFO - Included router: routers.user.router
2026-02-10 17:53:50,258 - main - INFO - Included router: routers.user_stats.router
2026-02-10 17:53:50,260 - main - INFO - === Application startup initiated ===
2026-02-10 17:53:50,260 - services.database - DEBUG - [DB_OP] Starting database initialization
2026-02-10 17:53:50,260 - services.database - INFO - 🔧 Starting database initialization...
2026-02-10 17:53:50,260 - core.database - INFO - Starting database initialization...
2026-02-10 17:53:50,260 - core.config - DEBUG - Read dynamic attribute database_url from environment variable DATABASE_URL
2026-02-10 17:53:50,260 - core.database - INFO - Normalizing database URL for async compatibility...
2026-02-10 17:53:50,261 - core.database - INFO - Creating async database engine...
2026-02-10 17:53:50,261 - core.database - INFO - Using QueuePool with connection pooling for non-Lambda environment
2026-02-10 17:53:50,301 - core.database - INFO - Database engine created successfully
2026-02-10 17:53:50,301 - core.database - INFO - Creating async session maker...
2026-02-10 17:53:50,301 - core.database - INFO - Async session maker created successfully
2026-02-10 17:53:50,301 - core.database - INFO - Database connection initialized successfully
2026-02-10 17:53:50,301 - services.database - INFO - 🔧 Database connection initialized, now creating tables if tables not exist...
2026-02-10 17:53:50,301 - core.database - DEBUG - [DB_OP] Starting create_tables
2026-02-10 17:53:50,301 - core.database - INFO - 🔧 Starting table creation...
2026-02-10 17:53:52,052 - core.database - INFO - Tables initialized successfully
2026-02-10 17:53:52,053 - core.database - DEBUG - [DB_OP] Create tables completed in 1.7515s
2026-02-10 17:53:52,113 - services.database - INFO - 🔧 Table creation completed
2026-02-10 17:53:52,113 - services.database - INFO - Database initialized successfully
2026-02-10 17:53:52,114 - services.database - DEBUG - [DB_OP] Database initialization completed in 1.8537s
2026-02-10 17:53:52,114 - services.mock_data - INFO - mock_data directory not found, skipping mock initialization
2026-02-10 17:53:52,114 - services.database - DEBUG - [DB_OP] Starting database initialization
2026-02-10 17:53:52,114 - services.database - INFO - 🔧 Starting database initialization...
2026-02-10 17:53:52,114 - core.database - INFO - Starting database initialization...
2026-02-10 17:53:52,114 - core.database - INFO - Database already initialized
2026-02-10 17:53:52,114 - services.database - INFO - 🔧 Database connection initialized, now creating tables if tables not exist...
2026-02-10 17:53:52,115 - core.database - DEBUG - [DB_OP] Starting create_tables
2026-02-10 17:53:52,115 - core.database - INFO - Tables already initialized
2026-02-10 17:53:52,115 - services.database - INFO - 🔧 Table creation completed
2026-02-10 17:53:52,115 - services.database - INFO - Database initialized successfully
2026-02-10 17:53:52,115 - services.database - DEBUG - [DB_OP] Database initialization completed in 0.0014s
