2026-02-10 18:04:48,123 - main - INFO - === Logging system initialized ===
2026-02-10 18:04:48,123 - main - INFO - Log file: logs/app_20260210_180448.log
2026-02-10 18:04:48,123 - main - INFO - Log level: INFO
2026-02-10 18:04:48,123 - main - INFO - Timestamp: 20260210_180448
2026-02-10 18:04:48,975 - main - INFO - Included router: routers.ai_learning.router
2026-02-10 18:04:48,985 - main - INFO - Included router: routers.aihub.router
2026-02-10 18:04:49,041 - main - INFO - Included router: routers.auth_local.router
2026-02-10 18:04:49,168 - main - INFO - Included router: routers.carbon_metrics.router
2026-02-10 18:04:49,170 - main - INFO - Included router: routers.config.router
2026-02-10 18:04:49,172 - main - INFO - Included router: routers.health.router
2026-02-10 18:04:49,222 - main - INFO - Included router: routers.learning_paths.router
2026-02-10 18:04:49,243 - main - INFO - Included router: routers.settings.router
2026-02-10 18:04:49,280 - main - INFO - Included router: routers.storage.router
2026-02-10 18:04:49,330 - main - INFO - Included router: routers.tree_plantations.router
2026-02-10 18:04:49,343 - main - INFO - Included router: routers.user.router
2026-02-10 18:04:49,392 - main - INFO - Included router: routers.user_stats.router
2026-02-10 18:04:49,393 - main - INFO - === Application startup initiated ===
2026-02-10 18:04:49,393 - services.database - DEBUG - [DB_OP] Starting database initialization
2026-02-10 18:04:49,393 - services.database - INFO - 🔧 Starting database initialization...
2026-02-10 18:04:49,393 - core.database - INFO - Starting database initialization...
2026-02-10 18:04:49,394 - core.config - DEBUG - Read dynamic attribute database_url from environment variable DATABASE_URL
2026-02-10 18:04:49,394 - core.database - INFO - Normalizing database URL for async compatibility...
2026-02-10 18:04:49,394 - core.database - INFO - Creating async database engine...
2026-02-10 18:04:49,395 - core.database - INFO - Using QueuePool with connection pooling for non-Lambda environment
2026-02-10 18:04:49,436 - core.database - INFO - Database engine created successfully
2026-02-10 18:04:49,437 - core.database - INFO - Creating async session maker...
2026-02-10 18:04:49,437 - core.database - INFO - Async session maker created successfully
2026-02-10 18:04:49,437 - core.database - INFO - Database connection initialized successfully
2026-02-10 18:04:49,437 - services.database - INFO - 🔧 Database connection initialized, now creating tables if tables not exist...
2026-02-10 18:04:49,437 - core.database - DEBUG - [DB_OP] Starting create_tables
2026-02-10 18:04:49,437 - core.database - INFO - 🔧 Starting table creation...
2026-02-10 18:04:50,833 - core.database - INFO - Tables initialized successfully
2026-02-10 18:04:50,833 - core.database - DEBUG - [DB_OP] Create tables completed in 1.3962s
2026-02-10 18:04:50,892 - services.database - INFO - 🔧 Table creation completed
2026-02-10 18:04:50,892 - services.database - INFO - Database initialized successfully
2026-02-10 18:04:50,892 - services.database - DEBUG - [DB_OP] Database initialization completed in 1.4991s
2026-02-10 18:04:50,893 - services.mock_data - INFO - mock_data directory not found, skipping mock initialization
2026-02-10 18:04:50,893 - services.database - DEBUG - [DB_OP] Starting database initialization
2026-02-10 18:04:50,893 - services.database - INFO - 🔧 Starting database initialization...
2026-02-10 18:04:50,893 - core.database - INFO - Starting database initialization...
2026-02-10 18:04:50,893 - core.database - INFO - Database already initialized
2026-02-10 18:04:50,893 - services.database - INFO - 🔧 Database connection initialized, now creating tables if tables not exist...
2026-02-10 18:04:50,894 - core.database - DEBUG - [DB_OP] Starting create_tables
2026-02-10 18:04:50,894 - core.database - INFO - Tables already initialized
2026-02-10 18:04:50,894 - services.database - INFO - 🔧 Table creation completed
2026-02-10 18:04:50,894 - services.database - INFO - Database initialized successfully
2026-02-10 18:04:50,894 - services.database - DEBUG - [DB_OP] Database initialization completed in 0.0009s
