2026-02-10 17:19:03,918 - main - INFO - === Logging system initialized ===
2026-02-10 17:19:03,919 - main - INFO - Log file: logs/app_20260210_171903.log
2026-02-10 17:19:03,919 - main - INFO - Log level: INFO
2026-02-10 17:19:03,919 - main - INFO - Timestamp: 20260210_171903
2026-02-10 17:19:04,720 - main - INFO - Included router: routers.ai_learning.router
2026-02-10 17:19:04,730 - main - INFO - Included router: routers.aihub.router
2026-02-10 17:19:04,762 - main - INFO - Included router: routers.auth_local.router
2026-02-10 17:19:04,882 - main - INFO - Included router: routers.carbon_metrics.router
2026-02-10 17:19:04,904 - main - INFO - Included router: routers.health.router
2026-02-10 17:19:04,963 - main - INFO - Included router: routers.learning_paths.router
2026-02-10 17:19:04,984 - main - INFO - Included router: routers.settings.router
2026-02-10 17:19:05,023 - main - INFO - Included router: routers.storage.router
2026-02-10 17:19:05,080 - main - INFO - Included router: routers.tree_plantations.router
2026-02-10 17:19:05,094 - main - WARNING - Failed to import module 'routers.user': No module named 'models.auth'
2026-02-10 17:19:05,146 - main - INFO - Included router: routers.user_stats.router
2026-02-10 17:19:05,147 - main - INFO - === Application startup initiated ===
2026-02-10 17:19:05,148 - services.database - DEBUG - [DB_OP] Starting database initialization
2026-02-10 17:19:05,148 - services.database - INFO - 🔧 Starting database initialization...
2026-02-10 17:19:05,148 - core.database - INFO - Starting database initialization...
2026-02-10 17:19:05,148 - core.config - DEBUG - Read dynamic attribute database_url from environment variable DATABASE_URL
2026-02-10 17:19:05,148 - core.database - INFO - Normalizing database URL for async compatibility...
2026-02-10 17:19:05,149 - core.database - INFO - Creating async database engine...
2026-02-10 17:19:05,149 - core.database - INFO - Using QueuePool with connection pooling for non-Lambda environment
2026-02-10 17:19:05,191 - core.database - INFO - Database engine created successfully
2026-02-10 17:19:05,191 - core.database - INFO - Creating async session maker...
2026-02-10 17:19:05,191 - core.database - INFO - Async session maker created successfully
2026-02-10 17:19:05,191 - core.database - INFO - Database connection initialized successfully
2026-02-10 17:19:05,191 - services.database - INFO - 🔧 Database connection initialized, now creating tables if tables not exist...
2026-02-10 17:19:05,191 - core.database - DEBUG - [DB_OP] Starting create_tables
2026-02-10 17:19:05,192 - core.database - INFO - 🔧 Starting table creation...
2026-02-10 17:19:06,622 - core.database - INFO - Tables initialized successfully
2026-02-10 17:19:06,622 - core.database - DEBUG - [DB_OP] Create tables completed in 1.4310s
2026-02-10 17:19:06,682 - services.database - INFO - 🔧 Table creation completed
2026-02-10 17:19:06,683 - services.database - INFO - Database initialized successfully
2026-02-10 17:19:06,683 - services.database - DEBUG - [DB_OP] Database initialization completed in 1.5351s
2026-02-10 17:19:06,683 - services.mock_data - INFO - mock_data directory not found, skipping mock initialization
2026-02-10 17:19:06,683 - services.database - DEBUG - [DB_OP] Starting database initialization
2026-02-10 17:19:06,683 - services.database - INFO - 🔧 Starting database initialization...
2026-02-10 17:19:06,683 - core.database - INFO - Starting database initialization...
2026-02-10 17:19:06,683 - core.database - INFO - Database already initialized
2026-02-10 17:19:06,683 - services.database - INFO - 🔧 Database connection initialized, now creating tables if tables not exist...
2026-02-10 17:19:06,683 - core.database - DEBUG - [DB_OP] Starting create_tables
2026-02-10 17:19:06,683 - core.database - INFO - Tables already initialized
2026-02-10 17:19:06,683 - services.database - INFO - 🔧 Table creation completed
2026-02-10 17:19:06,683 - services.database - INFO - Database initialized successfully
2026-02-10 17:19:06,684 - services.database - DEBUG - [DB_OP] Database initialization completed in 0.0006s
