2026-02-10 17:17:42,193 - main - INFO - === Logging system initialized ===
2026-02-10 17:17:42,193 - main - INFO - Log file: logs/app_20260210_171742.log
2026-02-10 17:17:42,193 - main - INFO - Log level: INFO
2026-02-10 17:17:42,193 - main - INFO - Timestamp: 20260210_171742
2026-02-10 17:17:42,820 - main - INFO - Included router: routers.ai_learning.router
2026-02-10 17:17:42,833 - main - INFO - Included router: routers.aihub.router
2026-02-10 17:17:42,846 - main - WARNING - Failed to import module 'routers.auth_local': Table 'users' is already defined for this MetaData instance.  Specify 'extend_existing=True' to redefine options and columns on an existing Table object.
2026-02-10 17:17:42,892 - main - INFO - Included router: routers.carbon_metrics.router
2026-02-10 17:17:42,893 - main - INFO - Included router: routers.health.router
2026-02-10 17:17:43,003 - main - INFO - Included router: routers.learning_paths.router
2026-02-10 17:17:43,050 - main - INFO - Included router: routers.settings.router
2026-02-10 17:17:43,085 - main - INFO - Included router: routers.storage.router
2026-02-10 17:17:43,129 - main - INFO - Included router: routers.tree_plantations.router
2026-02-10 17:17:43,136 - main - INFO - Included router: routers.user.router
2026-02-10 17:17:43,179 - main - INFO - Included router: routers.user_stats.router
2026-02-10 17:17:43,180 - main - INFO - === Application startup initiated ===
2026-02-10 17:17:43,180 - services.database - DEBUG - [DB_OP] Starting database initialization
2026-02-10 17:17:43,180 - services.database - INFO - 🔧 Starting database initialization...
2026-02-10 17:17:43,180 - core.database - INFO - Starting database initialization...
2026-02-10 17:17:43,180 - core.config - DEBUG - Read dynamic attribute database_url from environment variable DATABASE_URL
2026-02-10 17:17:43,180 - core.database - INFO - Normalizing database URL for async compatibility...
2026-02-10 17:17:43,181 - core.database - INFO - Creating async database engine...
2026-02-10 17:17:43,181 - core.database - INFO - Using QueuePool with connection pooling for non-Lambda environment
2026-02-10 17:17:43,229 - core.database - INFO - Database engine created successfully
2026-02-10 17:17:43,229 - core.database - INFO - Creating async session maker...
2026-02-10 17:17:43,229 - core.database - INFO - Async session maker created successfully
2026-02-10 17:17:43,229 - core.database - INFO - Database connection initialized successfully
2026-02-10 17:17:43,229 - services.database - INFO - 🔧 Database connection initialized, now creating tables if tables not exist...
2026-02-10 17:17:43,229 - core.database - DEBUG - [DB_OP] Starting create_tables
2026-02-10 17:17:43,230 - core.database - INFO - 🔧 Starting table creation...
2026-02-10 17:17:45,036 - core.database - INFO - Tables initialized successfully
2026-02-10 17:17:45,036 - core.database - DEBUG - [DB_OP] Create tables completed in 1.8071s
2026-02-10 17:17:45,095 - services.database - INFO - 🔧 Table creation completed
2026-02-10 17:17:45,095 - services.database - INFO - Database initialized successfully
2026-02-10 17:17:45,095 - services.database - DEBUG - [DB_OP] Database initialization completed in 1.9151s
2026-02-10 17:17:45,096 - services.mock_data - INFO - mock_data directory not found, skipping mock initialization
2026-02-10 17:17:45,097 - services.database - DEBUG - [DB_OP] Starting database initialization
2026-02-10 17:17:45,097 - services.database - INFO - 🔧 Starting database initialization...
2026-02-10 17:17:45,097 - core.database - INFO - Starting database initialization...
2026-02-10 17:17:45,097 - core.database - INFO - Database already initialized
2026-02-10 17:17:45,097 - services.database - INFO - 🔧 Database connection initialized, now creating tables if tables not exist...
2026-02-10 17:17:45,097 - core.database - DEBUG - [DB_OP] Starting create_tables
2026-02-10 17:17:45,097 - core.database - INFO - Tables already initialized
2026-02-10 17:17:45,098 - services.database - INFO - 🔧 Table creation completed
2026-02-10 17:17:45,098 - services.database - INFO - Database initialized successfully
2026-02-10 17:17:45,098 - services.database - DEBUG - [DB_OP] Database initialization completed in 0.0011s
2026-02-10 17:17:45,098 - core.config - DEBUG - Read dynamic attribute admin_user_id from environment variable ADMIN_USER_ID
2026-02-10 17:17:45,098 - core.config - DEBUG - Read dynamic attribute admin_user_email from environment variable ADMIN_USER_EMAIL
2026-02-10 17:17:45,520 - services.auth - DEBUG - Admin user 964059 already exists
2026-02-10 17:17:45,579 - main - INFO - === Application startup completed successfully ===
2026-02-10 17:18:21,494 - services.database - DEBUG - [DB_OP] Starting database close
2026-02-10 17:18:21,556 - core.database - INFO - Database connection closed and engine disposed
2026-02-10 17:18:21,556 - services.database - INFO - Database connections closed
2026-02-10 17:18:21,557 - services.database - DEBUG - [DB_OP] Database close completed in 0.0630s
