2026-02-10 17:06:23,446 - main - INFO - === Logging system initialized ===
2026-02-10 17:06:23,446 - main - INFO - Log file: logs/app_20260210_170623.log
2026-02-10 17:06:23,446 - main - INFO - Log level: INFO
2026-02-10 17:06:23,446 - main - INFO - Timestamp: 20260210_170623
2026-02-10 17:06:24,049 - main - INFO - Included router: routers.ai_learning.router
2026-02-10 17:06:24,065 - main - INFO - Included router: routers.aihub.router
2026-02-10 17:06:24,078 - main - INFO - Included router: routers.auth.router
2026-02-10 17:06:24,089 - main - WARNING - Failed to import module 'routers.auth_local': Table 'users' is already defined for this MetaData instance.  Specify 'extend_existing=True' to redefine options and columns on an existing Table object.
2026-02-10 17:06:24,210 - main - INFO - Included router: routers.carbon_metrics.router
2026-02-10 17:06:24,212 - main - INFO - Included router: routers.health.router
2026-02-10 17:06:24,258 - main - INFO - Included router: routers.learning_paths.router
2026-02-10 17:06:24,276 - main - INFO - Included router: routers.settings.router
2026-02-10 17:06:24,314 - main - INFO - Included router: routers.storage.router
2026-02-10 17:06:24,362 - main - INFO - Included router: routers.tree_plantations.router
2026-02-10 17:06:24,372 - main - INFO - Included router: routers.user.router
2026-02-10 17:06:24,417 - main - INFO - Included router: routers.user_stats.router
2026-02-10 17:06:24,418 - main - INFO - === Application startup initiated ===
2026-02-10 17:06:24,418 - services.database - DEBUG - [DB_OP] Starting database initialization
2026-02-10 17:06:24,418 - services.database - INFO - 🔧 Starting database initialization...
2026-02-10 17:06:24,418 - core.database - INFO - Starting database initialization...
2026-02-10 17:06:24,419 - core.config - DEBUG - Read dynamic attribute database_url from environment variable DATABASE_URL
2026-02-10 17:06:24,419 - core.database - INFO - Normalizing database URL for async compatibility...
2026-02-10 17:06:24,420 - core.database - INFO - Creating async database engine...
2026-02-10 17:06:24,420 - core.database - INFO - Using QueuePool with connection pooling for non-Lambda environment
2026-02-10 17:06:24,462 - core.database - INFO - Database engine created successfully
2026-02-10 17:06:24,462 - core.database - INFO - Creating async session maker...
2026-02-10 17:06:24,462 - core.database - INFO - Async session maker created successfully
2026-02-10 17:06:24,463 - core.database - INFO - Database connection initialized successfully
2026-02-10 17:06:24,463 - services.database - INFO - 🔧 Database connection initialized, now creating tables if tables not exist...
2026-02-10 17:06:24,463 - core.database - DEBUG - [DB_OP] Starting create_tables
2026-02-10 17:06:24,463 - core.database - INFO - 🔧 Starting table creation...
2026-02-10 17:06:25,930 - core.database - INFO - Tables initialized successfully
2026-02-10 17:06:25,931 - core.database - DEBUG - [DB_OP] Create tables completed in 1.4682s
2026-02-10 17:06:25,990 - services.database - INFO - 🔧 Table creation completed
2026-02-10 17:06:25,990 - services.database - INFO - Database initialized successfully
2026-02-10 17:06:25,990 - services.database - DEBUG - [DB_OP] Database initialization completed in 1.5724s
2026-02-10 17:06:25,992 - services.mock_data - INFO - mock_data directory not found, skipping mock initialization
2026-02-10 17:06:25,992 - services.database - DEBUG - [DB_OP] Starting database initialization
2026-02-10 17:06:25,992 - services.database - INFO - 🔧 Starting database initialization...
2026-02-10 17:06:25,992 - core.database - INFO - Starting database initialization...
2026-02-10 17:06:25,992 - core.database - INFO - Database already initialized
2026-02-10 17:06:25,993 - services.database - INFO - 🔧 Database connection initialized, now creating tables if tables not exist...
2026-02-10 17:06:25,993 - core.database - DEBUG - [DB_OP] Starting create_tables
2026-02-10 17:06:25,993 - core.database - INFO - Tables already initialized
2026-02-10 17:06:25,993 - services.database - INFO - 🔧 Table creation completed
2026-02-10 17:06:25,993 - services.database - INFO - Database initialized successfully
2026-02-10 17:06:25,994 - services.database - DEBUG - [DB_OP] Database initialization completed in 0.0015s
2026-02-10 17:06:25,994 - core.config - DEBUG - Read dynamic attribute admin_user_id from environment variable ADMIN_USER_ID
2026-02-10 17:06:25,994 - core.config - DEBUG - Read dynamic attribute admin_user_email from environment variable ADMIN_USER_EMAIL
2026-02-10 17:06:26,410 - services.auth - DEBUG - Admin user 964059 already exists
2026-02-10 17:06:26,469 - main - INFO - === Application startup completed successfully ===
2026-02-10 17:17:40,678 - services.database - DEBUG - [DB_OP] Starting database close
2026-02-10 17:17:40,678 - core.database - INFO - Database connection closed and engine disposed
2026-02-10 17:17:40,679 - services.database - INFO - Database connections closed
2026-02-10 17:17:40,679 - services.database - DEBUG - [DB_OP] Database close completed in 0.0010s
