2026-02-10 17:21:52,378 - main - INFO - === Logging system initialized ===
2026-02-10 17:21:52,379 - main - INFO - Log file: logs/app_20260210_172152.log
2026-02-10 17:21:52,379 - main - INFO - Log level: INFO
2026-02-10 17:21:52,379 - main - INFO - Timestamp: 20260210_172152
2026-02-10 17:21:53,276 - main - INFO - Included router: routers.ai_learning.router
2026-02-10 17:21:53,288 - main - INFO - Included router: routers.aihub.router
2026-02-10 17:21:53,317 - main - INFO - Included router: routers.auth_local.router
2026-02-10 17:21:53,444 - main - INFO - Included router: routers.carbon_metrics.router
2026-02-10 17:21:53,446 - main - INFO - Included router: routers.health.router
2026-02-10 17:21:53,495 - main - INFO - Included router: routers.learning_paths.router
2026-02-10 17:21:53,515 - main - INFO - Included router: routers.settings.router
2026-02-10 17:21:53,553 - main - INFO - Included router: routers.storage.router
2026-02-10 17:21:53,602 - main - INFO - Included router: routers.tree_plantations.router
2026-02-10 17:21:53,614 - main - INFO - Included router: routers.user.router
2026-02-10 17:21:53,663 - main - INFO - Included router: routers.user_stats.router
2026-02-10 17:21:53,665 - main - INFO - === Application startup initiated ===
2026-02-10 17:21:53,665 - services.database - DEBUG - [DB_OP] Starting database initialization
2026-02-10 17:21:53,665 - services.database - INFO - 🔧 Starting database initialization...
2026-02-10 17:21:53,665 - core.database - INFO - Starting database initialization...
2026-02-10 17:21:53,665 - core.config - DEBUG - Read dynamic attribute database_url from environment variable DATABASE_URL
2026-02-10 17:21:53,665 - core.database - INFO - Normalizing database URL for async compatibility...
2026-02-10 17:21:53,667 - core.database - INFO - Creating async database engine...
2026-02-10 17:21:53,667 - core.database - INFO - Using QueuePool with connection pooling for non-Lambda environment
2026-02-10 17:21:53,723 - core.database - INFO - Database engine created successfully
2026-02-10 17:21:53,723 - core.database - INFO - Creating async session maker...
2026-02-10 17:21:53,724 - core.database - INFO - Async session maker created successfully
2026-02-10 17:21:53,724 - core.database - INFO - Database connection initialized successfully
2026-02-10 17:21:53,725 - services.database - INFO - 🔧 Database connection initialized, now creating tables if tables not exist...
2026-02-10 17:21:53,725 - core.database - DEBUG - [DB_OP] Starting create_tables
2026-02-10 17:21:53,725 - core.database - INFO - 🔧 Starting table creation...
2026-02-10 17:21:55,150 - core.database - INFO - Tables initialized successfully
2026-02-10 17:21:55,150 - core.database - DEBUG - [DB_OP] Create tables completed in 1.4255s
2026-02-10 17:21:55,210 - services.database - INFO - 🔧 Table creation completed
2026-02-10 17:21:55,211 - services.database - INFO - Database initialized successfully
2026-02-10 17:21:55,211 - services.database - DEBUG - [DB_OP] Database initialization completed in 1.5459s
2026-02-10 17:21:55,211 - services.mock_data - INFO - mock_data directory not found, skipping mock initialization
2026-02-10 17:21:55,212 - services.database - DEBUG - [DB_OP] Starting database initialization
2026-02-10 17:21:55,212 - services.database - INFO - 🔧 Starting database initialization...
2026-02-10 17:21:55,212 - core.database - INFO - Starting database initialization...
2026-02-10 17:21:55,212 - core.database - INFO - Database already initialized
2026-02-10 17:21:55,212 - services.database - INFO - 🔧 Database connection initialized, now creating tables if tables not exist...
2026-02-10 17:21:55,212 - core.database - DEBUG - [DB_OP] Starting create_tables
2026-02-10 17:21:55,212 - core.database - INFO - Tables already initialized
2026-02-10 17:21:55,212 - services.database - INFO - 🔧 Table creation completed
2026-02-10 17:21:55,212 - services.database - INFO - Database initialized successfully
2026-02-10 17:21:55,212 - services.database - DEBUG - [DB_OP] Database initialization completed in 0.0009s
