2026-02-12 11:02:07,414 - main - INFO - === Logging system initialized ===
2026-02-12 11:02:07,415 - main - INFO - Log file: logs/app_20260212_110207.log
2026-02-12 11:02:07,416 - main - INFO - Log level: INFO
2026-02-12 11:02:07,416 - main - INFO - Timestamp: 20260212_110207
2026-02-12 11:02:08,082 - main - INFO - Included router: routers.ai_learning.router
2026-02-12 11:02:09,070 - main - WARNING - Failed to import module 'routers.aihub': No module named 'sse_starlette'
2026-02-12 11:02:09,149 - main - INFO - Included router: routers.auth_local.router
2026-02-12 11:02:09,253 - main - INFO - Included router: routers.carbon_metrics.router
2026-02-12 11:02:09,276 - main - INFO - Included router: routers.config.router
2026-02-12 11:02:09,294 - main - INFO - Included router: routers.health.router
2026-02-12 11:02:09,372 - main - INFO - Included router: routers.learning_paths.router
2026-02-12 11:02:09,427 - main - INFO - Included router: routers.settings.router
2026-02-12 11:02:09,575 - main - INFO - Included router: routers.storage.router
2026-02-12 11:02:09,699 - main - INFO - Included router: routers.tree_plantations.router
2026-02-12 11:02:09,753 - main - INFO - Included router: routers.user.router
2026-02-12 11:02:09,840 - main - INFO - Included router: routers.user_stats.router
2026-02-12 11:02:09,843 - main - INFO - === Application startup initiated ===
2026-02-12 11:02:09,843 - services.database - DEBUG - [DB_OP] Starting database initialization
2026-02-12 11:02:09,844 - services.database - INFO - 🔧 Starting database initialization...
2026-02-12 11:02:09,844 - core.database - INFO - Starting database initialization...
2026-02-12 11:02:09,845 - core.config - DEBUG - Read dynamic attribute database_url from environment variable DATABASE_URL
2026-02-12 11:02:09,845 - core.database - INFO - Normalizing database URL for async compatibility...
2026-02-12 11:02:09,846 - core.database - INFO - Creating async database engine...
2026-02-12 11:02:09,846 - core.database - INFO - Using QueuePool with connection pooling for non-Lambda environment
2026-02-12 11:02:09,901 - core.database - INFO - Database engine created successfully
2026-02-12 11:02:09,902 - core.database - INFO - Creating async session maker...
2026-02-12 11:02:09,902 - core.database - INFO - Async session maker created successfully
2026-02-12 11:02:09,902 - core.database - INFO - Database connection initialized successfully
2026-02-12 11:02:09,903 - services.database - INFO - 🔧 Database connection initialized, now creating tables if tables not exist...
2026-02-12 11:02:09,903 - core.database - DEBUG - [DB_OP] Starting create_tables
2026-02-12 11:02:09,903 - core.database - INFO - 🔧 Starting table creation...
2026-02-12 11:02:10,017 - core.database - INFO - Tables initialized successfully
2026-02-12 11:02:10,018 - core.database - DEBUG - [DB_OP] Create tables completed in 0.1146s
2026-02-12 11:02:10,019 - services.database - INFO - 🔧 Table creation completed
2026-02-12 11:02:10,019 - services.database - INFO - Database initialized successfully
2026-02-12 11:02:10,019 - services.database - DEBUG - [DB_OP] Database initialization completed in 0.1760s
2026-02-12 11:02:10,020 - services.mock_data - INFO - mock_data directory not found, skipping mock initialization
2026-02-12 11:02:10,021 - services.database - DEBUG - [DB_OP] Starting database initialization
2026-02-12 11:02:10,021 - services.database - INFO - 🔧 Starting database initialization...
2026-02-12 11:02:10,021 - core.database - INFO - Starting database initialization...
2026-02-12 11:02:10,022 - core.database - INFO - Database already initialized
2026-02-12 11:02:10,022 - services.database - INFO - 🔧 Database connection initialized, now creating tables if tables not exist...
2026-02-12 11:02:10,022 - core.database - DEBUG - [DB_OP] Starting create_tables
2026-02-12 11:02:10,023 - core.database - INFO - Tables already initialized
2026-02-12 11:02:10,023 - services.database - INFO - 🔧 Table creation completed
2026-02-12 11:02:10,024 - services.database - INFO - Database initialized successfully
2026-02-12 11:02:10,024 - services.database - DEBUG - [DB_OP] Database initialization completed in 0.0034s
2026-02-12 11:02:10,311 - services.auth - INFO - Created admin user: admin@ecolearn.com
2026-02-12 11:02:10,311 - main - INFO - === Application startup completed successfully ===
2026-02-12 11:07:31,321 - services.database - DEBUG - [DB_OP] Starting database close
2026-02-12 11:07:31,443 - core.database - INFO - Database connection closed and engine disposed
2026-02-12 11:07:31,446 - services.database - INFO - Database connections closed
2026-02-12 11:07:31,448 - services.database - DEBUG - [DB_OP] Database close completed in 0.1263s
